Component: ARM Compiler 5.06 update 7 (build 960) Tool: armlink [4d3601]

==============================================================================

Section Cross References

    startup_stm32f407xx.o(STACK) refers (Special) to heapauxi.o(.text) for __use_two_region_memory
    startup_stm32f407xx.o(HEAP) refers (Special) to heapauxi.o(.text) for __use_two_region_memory
    startup_stm32f407xx.o(RESET) refers (Special) to heapauxi.o(.text) for __use_two_region_memory
    startup_stm32f407xx.o(RESET) refers to startup_stm32f407xx.o(STACK) for __initial_sp
    startup_stm32f407xx.o(RESET) refers to startup_stm32f407xx.o(.text) for Reset_Handler
    startup_stm32f407xx.o(RESET) refers to stm32f4xx_it.o(i.NMI_Handler) for NMI_Handler
    startup_stm32f407xx.o(RESET) refers to stm32f4xx_it.o(i.HardFault_Handler) for HardFault_Handler
    startup_stm32f407xx.o(RESET) refers to stm32f4xx_it.o(i.MemManage_Handler) for MemManage_Handler
    startup_stm32f407xx.o(RESET) refers to stm32f4xx_it.o(i.BusFault_Handler) for BusFault_Handler
    startup_stm32f407xx.o(RESET) refers to stm32f4xx_it.o(i.UsageFault_Handler) for UsageFault_Handler
    startup_stm32f407xx.o(RESET) refers to stm32f4xx_it.o(i.SVC_Handler) for SVC_Handler
    startup_stm32f407xx.o(RESET) refers to stm32f4xx_it.o(i.DebugMon_Handler) for DebugMon_Handler
    startup_stm32f407xx.o(RESET) refers to stm32f4xx_it.o(i.PendSV_Handler) for PendSV_Handler
    startup_stm32f407xx.o(RESET) refers to stm32f4xx_it.o(i.SysTick_Handler) for SysTick_Handler
    startup_stm32f407xx.o(.text) refers (Special) to heapauxi.o(.text) for __use_two_region_memory
    startup_stm32f407xx.o(.text) refers to system_stm32f4xx.o(i.SystemInit) for SystemInit
    startup_stm32f407xx.o(.text) refers to __main.o(!!!main) for __main
    startup_stm32f407xx.o(.text) refers to startup_stm32f407xx.o(HEAP) for Heap_Mem
    startup_stm32f407xx.o(.text) refers to startup_stm32f407xx.o(STACK) for Stack_Mem
    main.o(i.SystemClock_Config) refers to rt_memclr_w.o(.text) for __aeabi_memclr4
    main.o(i.SystemClock_Config) refers to stm32f4xx_hal_rcc.o(i.HAL_RCC_OscConfig) for HAL_RCC_OscConfig
    main.o(i.SystemClock_Config) refers to stm32f4xx_hal_rcc.o(i.HAL_RCC_ClockConfig) for HAL_RCC_ClockConfig
    main.o(i.main) refers to stm32f4xx_hal.o(i.HAL_Init) for HAL_Init
    main.o(i.main) refers to main.o(i.SystemClock_Config) for SystemClock_Config
    main.o(i.main) refers to stm32f4xx_hal_i2c.o(i.HAL_I2C_Init) for HAL_I2C_Init
    main.o(i.main) refers to lcd16x2_i2c.o(i.lcd16x2_i2c_init) for lcd16x2_i2c_init
    main.o(i.main) refers to lcd16x2_i2c.o(i.lcd16x2_i2c_clear) for lcd16x2_i2c_clear
    main.o(i.main) refers to stm32f4xx_hal_i2c.o(i.HAL_I2C_IsDeviceReady) for HAL_I2C_IsDeviceReady
    main.o(i.main) refers to lcd16x2_i2c.o(i.lcd16x2_i2c_printf) for lcd16x2_i2c_printf
    main.o(i.main) refers to stm32f4xx_hal_i2c.o(i.HAL_I2C_Master_Transmit) for HAL_I2C_Master_Transmit
    main.o(i.main) refers to stm32f4xx_hal_i2c.o(i.HAL_I2C_Master_Receive) for HAL_I2C_Master_Receive
    main.o(i.main) refers to lcd16x2_i2c.o(i.lcd16x2_i2c_setCursor) for lcd16x2_i2c_setCursor
    main.o(i.main) refers to dflt_clz.o(x$fpl$dfltu) for __aeabi_ui2d
    main.o(i.main) refers to dmul.o(x$fpl$dmul) for __aeabi_dmul
    main.o(i.main) refers to d2f.o(x$fpl$d2f) for __aeabi_d2f
    main.o(i.main) refers to f2d.o(x$fpl$f2d) for __aeabi_f2d
    main.o(i.main) refers to stm32f4xx_hal.o(i.HAL_Delay) for HAL_Delay
    main.o(i.main) refers to main.o(.bss) for .bss
    main.o(i.main) refers to main.o(.data) for .data
    stm32f4xx_it.o(i.SysTick_Handler) refers to stm32f4xx_hal.o(i.HAL_IncTick) for HAL_IncTick
    stm32f4xx_hal_msp.o(i.HAL_I2C_MspDeInit) refers to stm32f4xx_hal_gpio.o(i.HAL_GPIO_DeInit) for HAL_GPIO_DeInit
    stm32f4xx_hal_msp.o(i.HAL_I2C_MspInit) refers to rt_memclr_w.o(.text) for __aeabi_memclr4
    stm32f4xx_hal_msp.o(i.HAL_I2C_MspInit) refers to stm32f4xx_hal_gpio.o(i.HAL_GPIO_Init) for HAL_GPIO_Init
    lcd16x2_i2c.o(i.lcd16x2_i2c_1stLine) refers to lcd16x2_i2c.o(i.lcd16x2_i2c_setCursor) for lcd16x2_i2c_setCursor
    lcd16x2_i2c.o(i.lcd16x2_i2c_2ndLine) refers to lcd16x2_i2c.o(i.lcd16x2_i2c_setCursor) for lcd16x2_i2c_setCursor
    lcd16x2_i2c.o(i.lcd16x2_i2c_OneLine) refers to lcd16x2_i2c.o(i.lcd16x2_i2c_sendCommand) for lcd16x2_i2c_sendCommand
    lcd16x2_i2c.o(i.lcd16x2_i2c_TwoLines) refers to lcd16x2_i2c.o(i.lcd16x2_i2c_sendCommand) for lcd16x2_i2c_sendCommand
    lcd16x2_i2c.o(i.lcd16x2_i2c_clear) refers to lcd16x2_i2c.o(i.lcd16x2_i2c_sendCommand) for lcd16x2_i2c_sendCommand
    lcd16x2_i2c.o(i.lcd16x2_i2c_clear) refers to stm32f4xx_hal.o(i.HAL_Delay) for HAL_Delay
    lcd16x2_i2c.o(i.lcd16x2_i2c_cursorShow) refers to lcd16x2_i2c.o(i.lcd16x2_i2c_sendCommand) for lcd16x2_i2c_sendCommand
    lcd16x2_i2c.o(i.lcd16x2_i2c_display) refers to lcd16x2_i2c.o(i.lcd16x2_i2c_sendCommand) for lcd16x2_i2c_sendCommand
[...]
    .ARM.Collect$$_printf_percent$$0000000E  0x0800024e   Section        6  _printf_lld.o(.ARM.Collect$$_printf_percent$$0000000E)
    .ARM.Collect$$_printf_percent$$0000000F  0x08000254   Section        6  _printf_llu.o(.ARM.Collect$$_printf_percent$$0000000F)
    .ARM.Collect$$_printf_percent$$00000010  0x0800025a   Section        6  _printf_llo.o(.ARM.Collect$$_printf_percent$$00000010)
    .ARM.Collect$$_printf_percent$$00000011  0x08000260   Section        6  _printf_llx.o(.ARM.Collect$$_printf_percent$$00000011)
    .ARM.Collect$$_printf_percent$$00000012  0x08000266   Section       10  _printf_l.o(.ARM.Collect$$_printf_percent$$00000012)
    .ARM.Collect$$_printf_percent$$00000013  0x08000270   Section        6  _printf_c.o(.ARM.Collect$$_printf_percent$$00000013)
    .ARM.Collect$$_printf_percent$$00000014  0x08000276   Section        6  _printf_s.o(.ARM.Collect$$_printf_percent$$00000014)
    .ARM.Collect$$_printf_percent$$00000015  0x0800027c   Section        6  _printf_lc.o(.ARM.Collect$$_printf_percent$$00000015)
    .ARM.Collect$$_printf_percent$$00000016  0x08000282   Section        6  _printf_ls.o(.ARM.Collect$$_printf_percent$$00000016)
    .ARM.Collect$$_printf_percent$$00000017  0x08000288   Section        4  _printf_percent_end.o(.ARM.Collect$$_printf_percent$$00000017)
    .ARM.Collect$$libinit$$00000000          0x0800028c   Section        2  libinit.o(.ARM.Collect$$libinit$$00000000)
    .ARM.Collect$$libinit$$00000001          0x0800028e   Section        4  libinit2.o(.ARM.Collect$$libinit$$00000001)
    .ARM.Collect$$libinit$$00000004          0x08000292   Section        0  libinit2.o(.ARM.Collect$$libinit$$00000004)
    .ARM.Collect$$libinit$$0000000A          0x08000292   Section        0  libinit2.o(.ARM.Collect$$libinit$$0000000A)
    .ARM.Collect$$libinit$$0000000C          0x08000292   Section        0  libinit2.o(.ARM.Collect$$libinit$$0000000C)
    .ARM.Collect$$libinit$$0000000E          0x08000292   Section        0  libinit2.o(.ARM.Collect$$libinit$$0000000E)
    .ARM.Collect$$libinit$$0000000F          0x08000292   Section        6  libinit2.o(.ARM.Collect$$libinit$$0000000F)
    .ARM.Collect$$libinit$$00000011          0x08000298   Section        0  libinit2.o(.ARM.Collect$$libinit$$00000011)
    .ARM.Collect$$libinit$$00000012          0x08000298   Section       12  libinit2.o(.ARM.Collect$$libinit$$00000012)
    .ARM.Collect$$libinit$$00000013          0x080002a4   Section        0  libinit2.o(.ARM.Collect$$libinit$$00000013)
    .ARM.Collect$$libinit$$00000015          0x080002a4   Section        0  libinit2.o(.ARM.Collect$$libinit$$00000015)
    .ARM.Collect$$libinit$$00000016          0x080002a4   Section       10  libinit2.o(.ARM.Collect$$libinit$$00000016)
    .ARM.Collect$$libinit$$00000017          0x080002ae   Section        0  libinit2.o(.ARM.Collect$$libinit$$00000017)
    .ARM.Collect$$libinit$$00000019          0x080002ae   Section        0  libinit2.o(.ARM.Collect$$libinit$$00000019)
    .ARM.Collect$$libinit$$0000001B          0x080002ae   Section        0  libinit2.o(.ARM.Collect$$libinit$$0000001B)
    .ARM.Collect$$libinit$$0000001D          0x080002ae   Section        0  libinit2.o(.ARM.Collect$$libinit$$0000001D)
    .ARM.Collect$$libinit$$0000001F          0x080002ae   Section        0  libinit2.o(.ARM.Collect$$libinit$$0000001F)
    .ARM.Collect$$libinit$$00000021          0x080002ae   Section        0  libinit2.o(.ARM.Collect$$libinit$$00000021)
    .ARM.Collect$$libinit$$00000023          0x080002ae   Section        0  libinit2.o(.ARM.Collect$$libinit$$00000023)
    .ARM.Collect$$libinit$$00000025          0x080002ae   Section        0  libinit2.o(.ARM.Collect$$libinit$$00000025)
    .ARM.Collect$$libinit$$0000002C          0x080002ae   Section        0  libinit2.o(.ARM.Collect$$libinit$$0000002C)
    .ARM.Collect$$libinit$$0000002E          0x080002ae   Section        0  libinit2.o(.ARM.Collect$$libinit$$0000002E)
    .ARM.Collect$$libinit$$00000030          0x080002ae   Section        0  libinit2.o(.ARM.Collect$$libinit$$00000030)
    .ARM.Collect$$libinit$$00000032          0x080002ae   Section        0  libinit2.o(.ARM.Collect$$libinit$$00000032)
    .ARM.Collect$$libinit$$00000033          0x080002ae   Section        2  libinit2.o(.ARM.Collect$$libinit$$00000033)
    .ARM.Collect$$libshutdown$$00000000      0x080002b0   Section        2  libshutdown.o(.ARM.Collect$$libshutdown$$00000000)
    .ARM.Collect$$libshutdown$$00000002      0x080002b2   Section        0  libshutdown2.o(.ARM.Collect$$libshutdown$$00000002)
    .ARM.Collect$$libshutdown$$00000004      0x080002b2   Section        0  libshutdown2.o(.ARM.Collect$$libshutdown$$00000004)
    .ARM.Collect$$libshutdown$$00000006      0x080002b2   Section        0  libshutdown2.o(.ARM.Collect$$libshutdown$$00000006)
    .ARM.Collect$$libshutdown$$00000009      0x080002b2   Section        0  libshutdown2.o(.ARM.Collect$$libshutdown$$00000009)
    .ARM.Collect$$libshutdown$$0000000C      0x080002b2   Section        0  libshutdown2.o(.ARM.Collect$$libshutdown$$0000000C)
    .ARM.Collect$$libshutdown$$0000000E      0x080002b2   Section        0  libshutdown2.o(.ARM.Collect$$libshutdown$$0000000E)
    .ARM.Collect$$libshutdown$$00000011      0x080002b2   Section        0  libshutdown2.o(.ARM.Collect$$libshutdown$$00000011)
    .ARM.Collect$$libshutdown$$00000012      0x080002b2   Section        2  libshutdown2.o(.ARM.Collect$$libshutdown$$00000012)
    .ARM.Collect$$rtentry$$00000000          0x080002b4   Section        0  __rtentry.o(.ARM.Collect$$rtentry$$00000000)
    .ARM.Collect$$rtentry$$00000002          0x080002b4   Section        0  __rtentry2.o(.ARM.Collect$$rtentry$$00000002)
    .ARM.Collect$$rtentry$$00000004          0x080002b4   Section        6  __rtentry4.o(.ARM.Collect$$rtentry$$00000004)
    .ARM.Collect$$rtentry$$00000009          0x080002ba   Section        0  __rtentry2.o(.ARM.Collect$$rtentry$$00000009)
    .ARM.Collect$$rtentry$$0000000A          0x080002ba   Section        4  __rtentry2.o(.ARM.Collect$$rtentry$$0000000A)
    .ARM.Collect$$rtentry$$0000000C          0x080002be   Section        0  __rtentry2.o(.ARM.Collect$$rtentry$$0000000C)
    .ARM.Collect$$rtentry$$0000000D          0x080002be   Section        8  __rtentry2.o(.ARM.Collect$$rtentry$$0000000D)
    .ARM.Collect$$rtexit$$00000000           0x080002c6   Section        2  rtexit.o(.ARM.Collect$$rtexit$$00000000)
    .ARM.Collect$$rtexit$$00000002           0x080002c8   Section        0  rtexit2.o(.ARM.Collect$$rtexit$$00000002)
    .ARM.Collect$$rtexit$$00000003           0x080002c8   Section        4  rtexit2.o(.ARM.Collect$$rtexit$$00000003)
    .ARM.Collect$$rtexit$$00000004           0x080002cc   Section        6  rtexit2.o(.ARM.Collect$$rtexit$$00000004)
    .text                                    0x080002d4   Section       64  startup_stm32f407xx.o(.text)
    $v0                                      0x080002d4   Number         0  startup_stm32f407xx.o(.text)
    .text                                    0x08000314   Section      238  lludivv7m.o(.text)
    .text                                    0x08000404   Section        0  vsprintf.o(.text)
    .text                                    0x08000428   Section        0  strlen.o(.text)
    .text                                    0x08000466   Section       78  rt_memclr_w.o(.text)
    .text                                    0x080004b4   Section        0  heapauxi.o(.text)
    .text                                    0x080004ba   Section        0  _printf_pad.o(.text)
    .text                                    0x08000508   Section        0  _printf_truncate.o(.text)
    .text                                    0x0800052c   Section        0  _printf_str.o(.text)
    .text                                    0x08000580   Section        0  _printf_dec.o(.text)
    .text                                    0x080005f8   Section        0  _printf_charcount.o(.text)
    .text                                    0x08000620   Section        0  _printf_char_common.o(.text)
    _printf_input_char                       0x08000621   Thumb Code    10  _printf_char_common.o(.text)
    .text                                    0x08000650   Section        0  _sputc.o(.text)
    .text                                    0x0800065c   Section        0  _printf_wctomb.o(.text)
    .text                                    0x08000718   Section        0  _printf_longlong_dec.o(.text)
    .text                                    0x08000794   Section        0  _printf_oct_int_ll.o(.text)
    _printf_longlong_oct_internal            0x08000795   Thumb Code     0  _printf_oct_int_ll.o(.text)
    .text                                    0x08000804   Section        0  _printf_hex_int_ll_ptr.o(.text)
    _printf_hex_common                       0x08000805   Thumb Code     0  _printf_hex_int_ll_ptr.o(.text)
    .text                                    0x08000898   Section        0  __printf_flags_ss_wp.o(.text)
    .text                                    0x08000a20   Section      138  lludiv10.o(.text)
    .text                                    0x08000aaa   Section        0  _printf_intcommon.o(.text)
    .text                                    0x08000b5c   Section        0  _printf_fp_dec.o(.text)
    _fp_digits                               0x08000b5f   Thumb Code   432  _printf_fp_dec.o(.text)
    .text                                    0x08000f7c   Section        0  _printf_fp_hex.o(.text)
    .text                                    0x08001278   Section        0  _printf_char.o(.text)
    .text                                    0x080012a4   Section        0  _printf_wchar.o(.text)
    .text                                    0x080012d0   Section        0  _wcrtomb.o(.text)
    .text                                    0x08001310   Section       74  sys_stackheap_outer.o(.text)
    .text                                    0x0800135c   Section       16  rt_ctype_table.o(.text)
    .text                                    0x0800136c   Section        8  rt_locale_intlibspace.o(.text)
    .text                                    0x08001374   Section        0  _printf_fp_infnan.o(.text)
    .text                                    0x080013f4   Section        0  bigflt0.o(.text)
    .text                                    0x080014d8   Section        0  exit.o(.text)
    .text                                    0x080014ec   Section        8  libspace.o(.text)
    .text                                    0x080014f4   Section      128  strcmpv7m.o(.text)
    .text                                    0x08001574   Section        0  sys_exit.o(.text)
    .text                                    0x08001580   Section        2  use_no_semi.o(.text)
    .text                                    0x08001582   Section        0  indicate_semi.o(.text)
    CL$$btod_d2e                             0x08001582   Section       62  btod.o(CL$$btod_d2e)
    CL$$btod_d2e_denorm_low                  0x080015c0   Section       70  btod.o(CL$$btod_d2e_denorm_low)
    CL$$btod_d2e_norm_op1                    0x08001606   Section       96  btod.o(CL$$btod_d2e_norm_op1)
    CL$$btod_div_common                      0x08001666   Section      824  btod.o(CL$$btod_div_common)
    CL$$btod_e2e                             0x0800199e   Section      220  btod.o(CL$$btod_e2e)
    CL$$btod_ediv                            0x08001a7a   Section       42  btod.o(CL$$btod_ediv)
    CL$$btod_emul                            0x08001aa4   Section       42  btod.o(CL$$btod_emul)
    CL$$btod_mult_common                     0x08001ace   Section      580  btod.o(CL$$btod_mult_common)
    i.BusFault_Handler                       0x08001d12   Section        0  stm32f4xx_it.o(i.BusFault_Handler)
    i.DebugMon_Handler                       0x08001d14   Section        0  stm32f4xx_it.o(i.DebugMon_Handler)
    i.HAL_Delay                              0x08001d18   Section        0  stm32f4xx_hal.o(i.HAL_Delay)
    i.HAL_GPIO_Init                          0x08001d3c   Section        0  stm32f4xx_hal_gpio.o(i.HAL_GPIO_Init)
    i.HAL_GetTick                            0x08001f2c   Section        0  stm32f4xx_hal.o(i.HAL_GetTick)
    i.HAL_I2C_Init                           0x08001f38   Section        0  stm32f4xx_hal_i2c.o(i.HAL_I2C_Init)
    i.HAL_I2C_IsDeviceReady                  0x080020c0   Section        0  stm32f4xx_hal_i2c.o(i.HAL_I2C_IsDeviceReady)
    i.HAL_I2C_Master_Receive                 0x0800222c   Section        0  stm32f4xx_hal_i2c.o(i.HAL_I2C_Master_Receive)
    i.HAL_I2C_Master_Transmit                0x0800240c   Section        0  stm32f4xx_hal_i2c.o(i.HAL_I2C_Master_Transmit)
    i.HAL_I2C_MspInit                        0x08002538   Section        0  stm32f4xx_hal_msp.o(i.HAL_I2C_MspInit)
    i.HAL_IncTick                            0x080025e4   Section        0  stm32f4xx_hal.o(i.HAL_IncTick)
    i.HAL_Init                               0x080025f4   Section        0  stm32f4xx_hal.o(i.HAL_Init)
    i.HAL_InitTick                           0x08002628   Section        0  stm32f4xx_hal.o(i.HAL_InitTick)
    i.HAL_MspInit                            0x08002668   Section        0  stm32f4xx_hal_msp.o(i.HAL_MspInit)
    i.HAL_NVIC_SetPriority                   0x08002698   Section        0  stm32f4xx_hal_cortex.o(i.HAL_NVIC_SetPriority)
    i.HAL_NVIC_SetPriorityGrouping           0x080026d8   Section        0  stm32f4xx_hal_cortex.o(i.HAL_NVIC_SetPriorityGrouping)
    i.HAL_RCC_ClockConfig                    0x080026fc   Section        0  stm32f4xx_hal_rcc.o(i.HAL_RCC_ClockConfig)
    i.HAL_RCC_GetPCLK1Freq                   0x08002830   Section        0  stm32f4xx_hal_rcc.o(i.HAL_RCC_GetPCLK1Freq)
    i.HAL_RCC_GetSysClockFreq                0x08002850   Section        0  stm32f4xx_hal_rcc.o(i.HAL_RCC_GetSysClockFreq)
    i.HAL_RCC_OscConfig                      0x080028b4   Section        0  stm32f4xx_hal_rcc.o(i.HAL_RCC_OscConfig)
    i.HAL_SYSTICK_Config                     0x08002c20   Section        0  stm32f4xx_hal_cortex.o(i.HAL_SYSTICK_Config)
    i.HardFault_Handler                      0x08002c48   Section        0  stm32f4xx_it.o(i.HardFault_Handler)
    i.I2C_IsAcknowledgeFailed                0x08002c4a   Section        0  stm32f4xx_hal_i2c.o(i.I2C_IsAcknowledgeFailed)
    I2C_IsAcknowledgeFailed                  0x08002c4b   Thumb Code    46  stm32f4xx_hal_i2c.o(i.I2C_IsAcknowledgeFailed)
    i.I2C_MasterRequestRead                  0x08002c78   Section        0  stm32f4xx_hal_i2c.o(i.I2C_MasterRequestRead)
    I2C_MasterRequestRead                    0x08002c79   Thumb Code   230  stm32f4xx_hal_i2c.o(i.I2C_MasterRequestRead)
    i.I2C_MasterRequestWrite                 0x08002d64   Section        0  stm32f4xx_hal_i2c.o(i.I2C_MasterRequestWrite)
    I2C_MasterRequestWrite                   0x08002d65   Thumb Code   150  stm32f4xx_hal_i2c.o(i.I2C_MasterRequestWrite)
    i.I2C_WaitOnBTFFlagUntilTimeout          0x08002e00   Section        0  stm32f4xx_hal_i2c.o(i.I2C_WaitOnBTFFlagUntilTimeout)
    I2C_WaitOnBTFFlagUntilTimeout            0x08002e01   Thumb Code    76  stm32f4xx_hal_i2c.o(i.I2C_WaitOnBTFFlagUntilTimeout)
    i.I2C_WaitOnFlagUntilTimeout             0x08002e4c   Section        0  stm32f4xx_hal_i2c.o(i.I2C_WaitOnFlagUntilTimeout)
    I2C_WaitOnFlagUntilTimeout               0x08002e4d   Thumb Code   104  stm32f4xx_hal_i2c.o(i.I2C_WaitOnFlagUntilTimeout)
    i.I2C_WaitOnMasterAddressFlagUntilTimeout 0x08002eb4   Section        0  stm32f4xx_hal_i2c.o(i.I2C_WaitOnMasterAddressFlagUntilTimeout)
    I2C_WaitOnMasterAddressFlagUntilTimeout  0x08002eb5   Thumb Code   150  stm32f4xx_hal_i2c.o(i.I2C_WaitOnMasterAddressFlagUntilTimeout)
    i.I2C_WaitOnRXNEFlagUntilTimeout         0x08002f4a   Section        0  stm32f4xx_hal_i2c.o(i.I2C_WaitOnRXNEFlagUntilTimeout)
    I2C_WaitOnRXNEFlagUntilTimeout           0x08002f4b   Thumb Code   102  stm32f4xx_hal_i2c.o(i.I2C_WaitOnRXNEFlagUntilTimeout)
    i.I2C_WaitOnTXEFlagUntilTimeout          0x08002fb0   Section        0  stm32f4xx_hal_i2c.o(i.I2C_WaitOnTXEFlagUntilTimeout)
    I2C_WaitOnTXEFlagUntilTimeout            0x08002fb1   Thumb Code    76  stm32f4xx_hal_i2c.o(i.I2C_WaitOnTXEFlagUntilTimeout)
    i.MemManage_Handler                      0x08002ffc   Section        0  stm32f4xx_it.o(i.MemManage_Handler)
    i.NMI_Handler                            0x08002ffe   Section        0  stm32f4xx_it.o(i.NMI_Handler)
    i.PendSV_Handler                         0x08003000   Section        0  stm32f4xx_it.o(i.PendSV_Handler)
    i.SVC_Handler                            0x08003002   Section        0  stm32f4xx_it.o(i.SVC_Handler)
    i.SysTick_Handler                        0x08003004   Section        0  stm32f4xx_it.o(i.SysTick_Handler)
    i.SystemClock_Config                     0x08003008   Section        0  main.o(i.SystemClock_Config)
    i.SystemInit                             0x0800309c   Section        0  system_stm32f4xx.o(i.SystemInit)
    i.UsageFault_Handler                     0x080030ac   Section        0  stm32f4xx_it.o(i.UsageFault_Handler)
    i.__ARM_fpclassify                       0x080030ae   Section        0  fpclassify.o(i.__ARM_fpclassify)
    i.__NVIC_SetPriority                     0x080030de   Section        0  stm32f4xx_hal_cortex.o(i.__NVIC_SetPriority)
    __NVIC_SetPriority                       0x080030df   Thumb Code    32  stm32f4xx_hal_cortex.o(i.__NVIC_SetPriority)
    i._is_digit                              0x080030fe   Section        0  __printf_wp.o(i._is_digit)
    i.lcd16x2_i2c_clear                      0x0800310c   Section        0  lcd16x2_i2c.o(i.lcd16x2_i2c_clear)
    i.lcd16x2_i2c_init                       0x08003120   Section        0  lcd16x2_i2c.o(i.lcd16x2_i2c_init)
    i.lcd16x2_i2c_printf                     0x080031d8   Section        0  lcd16x2_i2c.o(i.lcd16x2_i2c_printf)
    i.lcd16x2_i2c_sendCommand                0x08003248   Section        0  lcd16x2_i2c.o(i.lcd16x2_i2c_sendCommand)
    lcd16x2_i2c_sendCommand                  0x08003249   Thumb Code    60  lcd16x2_i2c.o(i.lcd16x2_i2c_sendCommand)
    i.lcd16x2_i2c_setCursor                  0x08003288   Section        0  lcd16x2_i2c.o(i.lcd16x2_i2c_setCursor)
    i.main                                   0x080032a0   Section        0  main.o(i.main)
    locale$$code                             0x08003630   Section       44  lc_numeric_c.o(locale$$code)
    locale$$code                             0x0800365c   Section       44  lc_ctype_c.o(locale$$code)
    x$fpl$d2f                                0x08003688   Section       98  d2f.o(x$fpl$d2f)
    $v0                                      0x08003688   Number         0  d2f.o(x$fpl$d2f)
    x$fpl$dfltu                              0x080036ea   Section       38  dflt_clz.o(x$fpl$dfltu)
    $v0                                      0x080036ea   Number         0  dflt_clz.o(x$fpl$dfltu)
    x$fpl$dmul                               0x08003710   Section      340  dmul.o(x$fpl$dmul)
    $v0                                      0x08003710   Number         0  dmul.o(x$fpl$dmul)
    x$fpl$dnaninf                            0x08003864   Section      156  dnaninf.o(x$fpl$dnaninf)
    $v0                                      0x08003864   Number         0  dnaninf.o(x$fpl$dnaninf)
    x$fpl$dretinf                            0x08003900   Section       12  dretinf.o(x$fpl$dretinf)
    $v0                                      0x08003900   Number         0  dretinf.o(x$fpl$dretinf)
    x$fpl$f2d                                0x0800390c   Section       86  f2d.o(x$fpl$f2d)
    $v0                                      0x0800390c   Number         0  f2d.o(x$fpl$f2d)
    x$fpl$fnaninf                            0x08003962   Section      140  fnaninf.o(x$fpl$fnaninf)
    $v0                                      0x08003962   Number         0  fnaninf.o(x$fpl$fnaninf)
    x$fpl$fpinit                             0x080039ee   Section       10  fpinit.o(x$fpl$fpinit)
    $v0                                      0x080039ee   Number         0  fpinit.o(x$fpl$fpinit)
    x$fpl$fretinf                            0x080039f8   Section       10  fretinf.o(x$fpl$fretinf)
    $v0                                      0x080039f8   Number         0  fretinf.o(x$fpl$fretinf)
    x$fpl$printf1                            0x08003a02   Section        4  printf1.o(x$fpl$printf1)
    $v0                                      0x08003a02   Number         0  printf1.o(x$fpl$printf1)
    x$fpl$printf2                            0x08003a06   Section        4  printf2.o(x$fpl$printf2)
    $v0                                      0x08003a06   Number         0  printf2.o(x$fpl$printf2)
    .constdata                               0x08003a0a   Section       16  system_stm32f4xx.o(.constdata)
    x$fpl$usenofp                            0x08003a0a   Section        0  usenofp.o(x$fpl$usenofp)
    .constdata                               0x08003a1a   Section        8  system_stm32f4xx.o(.constdata)
    .constdata                               0x08003a24   Section        8  _printf_wctomb.o(.constdata)
    initial_mbstate                          0x08003a24   Data           8  _printf_wctomb.o(.constdata)
    .constdata                               0x08003a2c   Section       40  _printf_hex_int_ll_ptr.o(.constdata)
    uc_hextab                                0x08003a2c   Data          20  _printf_hex_int_ll_ptr.o(.constdata)
    lc_hextab                                0x08003a40   Data          20  _printf_hex_int_ll_ptr.o(.constdata)
    .constdata                               0x08003a54   Section       17  __printf_flags_ss_wp.o(.constdata)
    maptable                                 0x08003a54   Data          17  __printf_flags_ss_wp.o(.constdata)
    .constdata                               0x08003a65   Section       38  _printf_fp_hex.o(.constdata)
    lc_hextab                                0x08003a65   Data          19  _printf_fp_hex.o(.constdata)
    uc_hextab                                0x08003a78   Data          19  _printf_fp_hex.o(.constdata)
    .constdata                               0x08003a8c   Section      148  bigflt0.o(.constdata)
    tenpwrs_x                                0x08003a8c   Data          60  bigflt0.o(.constdata)
    tenpwrs_i                                0x08003ac8   Data          64  bigflt0.o(.constdata)
    locale$$data                             0x08003b40   Section       28  lc_numeric_c.o(locale$$data)
    __lcnum_c_name                           0x08003b44   Data           2  lc_numeric_c.o(locale$$data)
    __lcnum_c_start                          0x08003b4c   Data           0  lc_numeric_c.o(locale$$data)
    __lcnum_c_point                          0x08003b58   Data           0  lc_numeric_c.o(locale$$data)
    __lcnum_c_thousands                      0x08003b5a   Data           0  lc_numeric_c.o(locale$$data)
    __lcnum_c_grouping                       0x08003b5b   Data           0  lc_numeric_c.o(locale$$data)
    locale$$data                             0x08003b5c   Section      272  lc_ctype_c.o(locale$$data)
    __lcnum_c_end                            0x08003b5c   Data           0  lc_numeric_c.o(locale$$data)
    __lcctype_c_name                         0x08003b60   Data           2  lc_ctype_c.o(locale$$data)
    __lcctype_c_start                        0x08003b68   Data           0  lc_ctype_c.o(locale$$data)
    __lcctype_c_end                          0x08003c6c   Data           0  lc_ctype_c.o(locale$$data)
    .data                                    0x20000000   Section       16  main.o(.data)
    .data                                    0x20000010   Section        8  lcd16x2_i2c.o(.data)
    LCD_I2C_SLAVE_ADDRESS                    0x20000010   Data           1  lcd16x2_i2c.o(.data)
    lcd16x2_i2cHandle                        0x20000014   Data           4  lcd16x2_i2c.o(.data)
    .data                                    0x20000018   Section       12  stm32f4xx_hal.o(.data)
    .data                                    0x20000024   Section        4  system_stm32f4xx.o(.data)
    .bss                                     0x20000028   Section      424  main.o(.bss)
    .bss                                     0x200001d0   Section       96  libspace.o(.bss)
    HEAP                                     0x20000230   Section      512  startup_stm32f407xx.o(HEAP)
    Heap_Mem                                 0x20000230   Data         512  startup_stm32f407xx.o(HEAP)
    STACK                                    0x20000430   Section     1024  startup_stm32f407xx.o(STACK)
    Stack_Mem                                0x20000430   Data        1024  startup_stm32f407xx.o(STACK)
    __initial_sp                             0x20000830   Data           0  startup_stm32f407xx.o(STACK)

    Global Symbols

    Symbol Name                              Value     Ov Type        Size  Object(Section)

    BuildAttributes$$THM_ISAv4$E$P$D$K$B$S$7EM$VFPi3$EXTD16$VFPS$VFMA$PE$A:L22UL41UL21$X:L11$S22US41US21$IEEE1$IW$USESV6$~STKCKD$USESV7$~SHL$OTIME$ROPI$IEEEJ$EBA8$UX$STANDARDLIB$REQ8$PRES8$EABIv2 0x00000000   Number         0  anon$$obj.o ABSOLUTE
    __ARM_use_no_argv                        0x00000000   Number         0  main.o ABSOLUTE
    _printf_flags                            0x00000000   Number         0  printf_stubs.o ABSOLUTE
    _printf_return_value                     0x00000000   Number         0  printf_stubs.o ABSOLUTE
    _printf_sizespec                         0x00000000   Number         0  printf_stubs.o ABSOLUTE
    _printf_widthprec                        0x00000000   Number         0  printf_stubs.o ABSOLUTE
    __ARM_exceptions_init                     - Undefined Weak Reference
    __alloca_initialize                       - Undefined Weak Reference
    __arm_fini_                               - Undefined Weak Reference
    __arm_preinit_                            - Undefined Weak Reference
    __cpp_initialize__aeabi_                  - Undefined Weak Reference
    __cxa_finalize                            - Undefined Weak Reference
    __sigvec_lookup                           - Undefined Weak Reference
    _atexit_init                              - Undefined Weak Reference
    _call_atexit_fns                          - Undefined Weak Reference
    _clock_init                               - Undefined Weak Reference
    _fp_trap_init                             - Undefined Weak Reference
    _fp_trap_shutdown                         - Undefined Weak Reference
    _get_lc_collate                           - Undefined Weak Reference
    _get_lc_monetary                          - Undefined Weak Reference
    _get_lc_time                              - Undefined Weak Reference
    _getenv_init                              - Undefined Weak Reference
    _handle_redirection                       - Undefined Weak Reference
    _init_alloc                               - Undefined Weak Reference
    _init_user_alloc                          - Undefined Weak Reference
    _initio                                   - Undefined Weak Reference
    _printf_mbtowc                            - Undefined Weak Reference
    _printf_wc                                - Undefined Weak Reference
    _rand_init                                - Undefined Weak Reference
    _signal_finish                            - Undefined Weak Reference
    _signal_init                              - Undefined Weak Reference
    _terminate_alloc                          - Undefined Weak Reference
    _terminate_user_alloc                     - Undefined Weak Reference
    _terminateio                              - Undefined Weak Reference
    __Vectors_Size                           0x00000188   Number         0  startup_stm32f407xx.o ABSOLUTE
    __Vectors                                0x08000000   Data           4  startup_stm32f407xx.o(RESET)
    __Vectors_End                            0x08000188   Data           0  startup_stm32f407xx.o(RESET)
    __main                                   0x08000189   Thumb Code     8  __main.o(!!!main)
    __scatterload                            0x08000191   Thumb Code     0  __scatter.o(!!!scatter)
    __scatterload_rt2                        0x08000191   Thumb Code    44  __scatter.o(!!!scatter)
    __scatterload_rt2_thumb_only             0x08000191   Thumb Code     0  __scatter.o(!!!scatter)
    __scatterload_null                       0x0800019f   Thumb Code     0  __scatter.o(!!!scatter)
    __scatterload_copy                       0x080001c5   Thumb Code    26  __scatter_copy.o(!!handler_copy)
    __scatterload_zeroinit                   0x080001e1   Thumb Code    28  __scatter_zi.o(!!handler_zi)
    _printf_n                                0x080001fd   Thumb Code     0  _printf_n.o(.ARM.Collect$$_printf_percent$$00000001)
    _printf_percent                          0x080001fd   Thumb Code     0  _printf_percent.o(.ARM.Collect$$_printf_percent$$00000000)
    _printf_p                                0x08000203   Thumb Code     0  _printf_p.o(.ARM.Collect$$_printf_percent$$00000002)
    _printf_f                                0x08000209   Thumb Code     0  _printf_f.o(.ARM.Collect$$_printf_percent$$00000003)
    _printf_e                                0x0800020f   Thumb Code     0  _printf_e.o(.ARM.Collect$$_printf_percent$$00000004)
    _printf_g                                0x08000215   Thumb Code     0  _printf_g.o(.ARM.Collect$$_printf_percent$$00000005)
    _printf_a                                0x0800021b   Thumb Code     0  _printf_a.o(.ARM.Collect$$_printf_percent$$00000006)
    _printf_ll                               0x08000221   Thumb Code     0  _printf_ll.o(.ARM.Collect$$_printf_percent$$00000007)
    _printf_i                                0x0800022b   Thumb Code     0  _printf_i.o(.ARM.Collect$$_printf_percent$$00000008)
    _printf_d                                0x08000231   Thumb Code     0  _printf_d.o(.ARM.Collect$$_printf_percent$$00000009)
    _printf_u                                0x08000237   Thumb Code     0  _printf_u.o(.ARM.Collect$$_printf_percent$$0000000A)
    _printf_o                                0x0800023d   Thumb Code     0  _printf_o.o(.ARM.Collect$$_printf_percent$$0000000B)
    _printf_x                                0x08000243   Thumb Code     0  _printf_x.o(.ARM.Collect$$_printf_percent$$0000000C)
    _printf_lli                              0x08000249   Thumb Code     0  _printf_lli.o(.ARM.Collect$$_printf_percent$$0000000D)
    _printf_lld                              0x0800024f   Thumb Code     0  _printf_lld.o(.ARM.Collect$$_printf_percent$$0000000E)
    _printf_llu                              0x08000255   Thumb Code     0  _printf_llu.o(.ARM.Collect$$_printf_percent$$0000000F)
    _printf_llo                              0x0800025b   Thumb Code     0  _printf_llo.o(.ARM.Collect$$_printf_percent$$00000010)
    _printf_llx                              0x08000261   Thumb Code     0  _printf_llx.o(.ARM.Collect$$_printf_percent$$00000011)
    _printf_l                                0x08000267   Thumb Code     0  _printf_l.o(.ARM.Collect$$_printf_percent$$00000012)
    _printf_c                                0x08000271   Thumb Code     0  _printf_c.o(.ARM.Collect$$_printf_percent$$00000013)
    _printf_s                                0x08000277   Thumb Code     0  _printf_s.o(.ARM.Collect$$_printf_percent$$00000014)
    _printf_lc                               0x0800027d   Thumb Code     0  _printf_lc.o(.ARM.Collect$$_printf_percent$$00000015)
    _printf_ls                               0x08000283   Thumb Code     0  _printf_ls.o(.ARM.Collect$$_printf_percent$$00000016)
    _printf_percent_end                      0x08000289   Thumb Code     0  _printf_percent_end.o(.ARM.Collect$$_printf_percent$$00000017)
    __rt_lib_init                            0x0800028d   Thumb Code     0  libinit.o(.ARM.Collect$$libinit$$00000000)
    __rt_lib_init_fp_1                       0x0800028f   Thumb Code     0  libinit2.o(.ARM.Collect$$libinit$$00000001)
    __rt_lib_init_heap_1                     0x08000293   Thumb Code     0  libinit2.o(.ARM.Collect$$libinit$$0000000A)
    __rt_lib_init_lc_common                  0x08000293   Thumb Code     0  libinit2.o(.ARM.Collect$$libinit$$0000000F)
    __rt_lib_init_preinit_1                  0x08000293   Thumb Code     0  libinit2.o(.ARM.Collect$$libinit$$00000004)
    __rt_lib_init_rand_1                     0x08000293   Thumb Code     0  libinit2.o(.ARM.Collect$$libinit$$0000000E)
    __rt_lib_init_user_alloc_1               0x08000293   Thumb Code     0  libinit2.o(.ARM.Collect$$libinit$$0000000C)
    __rt_lib_init_lc_collate_1               0x08000299   Thumb Code     0  libinit2.o(.ARM.Collect$$libinit$$00000011)
    __rt_lib_init_lc_ctype_2                 0x08000299   Thumb Code     0  libinit2.o(.ARM.Collect$$libinit$$00000012)
    __rt_lib_init_lc_ctype_1                 0x080002a5   Thumb Code     0  libinit2.o(.ARM.Collect$$libinit$$00000013)
    __rt_lib_init_lc_monetary_1              0x080002a5   Thumb Code     0  libinit2.o(.ARM.Collect$$libinit$$00000015)
    __rt_lib_init_lc_numeric_2               0x080002a5   Thumb Code     0  libinit2.o(.ARM.Collect$$libinit$$00000016)
    __rt_lib_init_alloca_1                   0x080002af   Thumb Code     0  libinit2.o(.ARM.Collect$$libinit$$0000002E)
    __rt_lib_init_argv_1                     0x080002af   Thumb Code     0  libinit2.o(.ARM.Collect$$libinit$$0000002C)
    __rt_lib_init_atexit_1                   0x080002af   Thumb Code     0  libinit2.o(.ARM.Collect$$libinit$$0000001B)
    __rt_lib_init_clock_1                    0x080002af   Thumb Code     0  libinit2.o(.ARM.Collect$$libinit$$00000021)
    __rt_lib_init_cpp_1                      0x080002af   Thumb Code     0  libinit2.o(.ARM.Collect$$libinit$$00000032)
    __rt_lib_init_exceptions_1               0x080002af   Thumb Code     0  libinit2.o(.ARM.Collect$$libinit$$00000030)
    __rt_lib_init_fp_trap_1                  0x080002af   Thumb Code     0  libinit2.o(.ARM.Collect$$libinit$$0000001F)
    __rt_lib_init_getenv_1                   0x080002af   Thumb Code     0  libinit2.o(.ARM.Collect$$libinit$$00000023)
    __rt_lib_init_lc_numeric_1               0x080002af   Thumb Code     0  libinit2.o(.ARM.Collect$$libinit$$00000017)
    __rt_lib_init_lc_time_1                  0x080002af   Thumb Code     0  libinit2.o(.ARM.Collect$$libinit$$00000019)
    __rt_lib_init_return                     0x080002af   Thumb Code     0  libinit2.o(.ARM.Collect$$libinit$$00000033)
    __rt_lib_init_signal_1                   0x080002af   Thumb Code     0  libinit2.o(.ARM.Collect$$libinit$$0000001D)
    __rt_lib_init_stdio_1                    0x080002af   Thumb Code     0  libinit2.o(.ARM.Collect$$libinit$$00000025)
    __rt_lib_shutdown                        0x080002b1   Thumb Code     0  libshutdown.o(.ARM.Collect$$libshutdown$$00000000)
    __rt_lib_shutdown_cpp_1                  0x080002b3   Thumb Code     0  libshutdown2.o(.ARM.Collect$$libshutdown$$00000004)
    __rt_lib_shutdown_fini_1                 0x080002b3   Thumb Code     0  libshutdown2.o(.ARM.Collect$$libshutdown$$00000002)
    __rt_lib_shutdown_fp_trap_1              0x080002b3   Thumb Code     0  libshutdown2.o(.ARM.Collect$$libshutdown$$00000009)
    __rt_lib_shutdown_heap_1                 0x080002b3   Thumb Code     0  libshutdown2.o(.ARM.Collect$$libshutdown$$00000011)
    __rt_lib_shutdown_return                 0x080002b3   Thumb Code     0  libshutdown2.o(.ARM.Collect$$libshutdown$$00000012)
    __rt_lib_shutdown_signal_1               0x080002b3   Thumb Code     0  libshutdown2.o(.ARM.Collect$$libshutdown$$0000000C)
    __rt_lib_shutdown_stdio_1                0x080002b3   Thumb Code     0  libshutdown2.o(.ARM.Collect$$libshutdown$$00000006)
    __rt_lib_shutdown_user_alloc_1           0x080002b3   Thumb Code     0  libshutdown2.o(.ARM.Collect$$libshutdown$$0000000E)
    __rt_entry                               0x080002b5   Thumb Code     0  __rtentry.o(.ARM.Collect$$rtentry$$00000000)
    __rt_entry_presh_1                       0x080002b5   Thumb Code     0  __rtentry2.o(.ARM.Collect$$rtentry$$00000002)
    __rt_entry_sh                            0x080002b5   Thumb Code     0  __rtentry4.o(.ARM.Collect$$rtentry$$00000004)
    __rt_entry_li                            0x080002bb   Thumb Code     0  __rtentry2.o(.ARM.Collect$$rtentry$$0000000A)
    __rt_entry_postsh_1                      0x080002bb   Thumb Code     0  __rtentry2.o(.ARM.Collect$$rtentry$$00000009)
    __rt_entry_main                          0x080002bf   Thumb Code     0  __rtentry2.o(.ARM.Collect$$rtentry$$0000000D)
    __rt_entry_postli_1                      0x080002bf   Thumb Code     0  __rtentry2.o(.ARM.Collect$$rtentry$$0000000C)
    __rt_exit                                0x080002c7   Thumb Code     0  rtexit.o(.ARM.Collect$$rtexit$$00000000)
    __rt_exit_ls                             0x080002c9   Thumb Code     0  rtexit2.o(.ARM.Collect$$rtexit$$00000003)
    __rt_exit_prels_1                        0x080002c9   Thumb Code     0  rtexit2.o(.ARM.Collect$$rtexit$$00000002)
    __rt_exit_exit                           0x080002cd   Thumb Code     0  rtexit2.o(.ARM.Collect$$rtexit$$00000004)
    Reset_Handler                            0x080002d5   Thumb Code     8  startup_stm32f407xx.o(.text)
    ADC_IRQHandler                           0x080002ef   Thumb Code     0  startup_stm32f407xx.o(.text)
    CAN1_RX0_IRQHandler                      0x080002ef   Thumb Code     0  startup_stm32f407xx.o(.text)
    CAN1_RX1_IRQHandler                      0x080002ef   Thumb Code     0  startup_stm32f407xx.o(.text)
    CAN1_SCE_IRQHandler                      0x080002ef   Thumb Code     0  startup_stm32f407xx.o(.text)
    CAN1_TX_IRQHandler                       0x080002ef   Thumb Code     0  startup_stm32f407xx.o(.text)
    CAN2_RX0_IRQHandler                      0x080002ef   Thumb Code     0  startup_stm32f407xx.o(.text)
    CAN2_RX1_IRQHandler                      0x080002ef   Thumb Code     0  startup_stm32f407xx.o(.text)
    CAN2_SCE_IRQHandler                      0x080002ef   Thumb Code     0  startup_stm32f407xx.o(.text)
    CAN2_TX_IRQHandler                       0x080002ef   Thumb Code     0  startup_stm32f407xx.o(.text)
    DCMI_IRQHandler                          0x080002ef   Thumb Code     0  startup_stm32f407xx.o(.text)
    DMA1_Stream0_IRQHandler                  0x080002ef   Thumb Code     0  startup_stm32f407xx.o(.text)
    DMA1_Stream1_IRQHandler                  0x080002ef   Thumb Code     0  startup_stm32f407xx.o(.text)
    DMA1_Stream2_IRQHandler                  0x080002ef   Thumb Code     0  startup_stm32f407xx.o(.text)
    DMA1_Stream3_IRQHandler                  0x080002ef   Thumb Code     0  startup_stm32f407xx.o(.text)
    DMA1_Stream4_IRQHandler                  0x080002ef   Thumb Code     0  startup_stm32f407xx.o(.text)
    DMA1_Stream5_IRQHandler                  0x080002ef   Thumb Code     0  startup_stm32f407xx.o(.text)
    DMA1_Stream6_IRQHandler                  0x080002ef   Thumb Code     0  startup_stm32f407xx.o(.text)
    DMA1_Stream7_IRQHandler                  0x080002ef   Thumb Code     0  startup_stm32f407xx.o(.text)
    DMA2_Stream0_IRQHandler                  0x080002ef   Thumb Code     0  startup_stm32f407xx.o(.text)
    DMA2_Stream1_IRQHandler                  0x080002ef   Thumb Code     0  startup_stm32f407xx.o(.text)
    DMA2_Stream2_IRQHandler                  0x080002ef   Thumb Code     0  startup_stm32f407xx.o(.text)
    DMA2_Stream3_IRQHandler                  0x080002ef   Thumb Code     0  startup_stm32f407xx.o(.text)
    DMA2_Stream4_IRQHandler                  0x080002ef   Thumb Code     0  startup_stm32f407xx.o(.text)
    DMA2_Stream5_IRQHandler                  0x080002ef   Thumb Code     0  startup_stm32f407xx.o(.text)
    DMA2_Stream6_IRQHandler                  0x080002ef   Thumb Code     0  startup_stm32f407xx.o(.text)
    DMA2_Stream7_IRQHandler                  0x080002ef   Thumb Code     0  startup_stm32f407xx.o(.text)
    ETH_IRQHandler                           0x080002ef   Thumb Code     0  startup_stm32f407xx.o(.text)
    ETH_WKUP_IRQHandler                      0x080002ef   Thumb Code     0  startup_stm32f407xx.o(.text)
    EXTI0_IRQHandler                         0x080002ef   Thumb Code     0  startup_stm32f407xx.o(.text)
    EXTI15_10_IRQHandler                     0x080002ef   Thumb Code     0  startup_stm32f407xx.o(.text)
    EXTI1_IRQHandler                         0x080002ef   Thumb Code     0  startup_stm32f407xx.o(.text)
    EXTI2_IRQHandler                         0x080002ef   Thumb Code     0  startup_stm32f407xx.o(.text)
    EXTI3_IRQHandler                         0x080002ef   Thumb Code     0  startup_stm32f407xx.o(.text)
    EXTI4_IRQHandler                         0x080002ef   Thumb Code     0  startup_stm32f407xx.o(.text)
    EXTI9_5_IRQHandler                       0x080002ef   Thumb Code     0  startup_stm32f407xx.o(.text)
    FLASH_IRQHandler                         0x080002ef   Thumb Code     0  startup_stm32f407xx.o(.text)
    FMC_IRQHandler                           0x080002ef   Thumb Code     0  startup_stm32f407xx.o(.text)
    FPU_IRQHandler                           0x080002ef   Thumb Code     0  startup_stm32f407xx.o(.text)
    HASH_RNG_IRQHandler                      0x080002ef   Thumb Code     0  startup_stm32f407xx.o(.text)
    I2C1_ER_IRQHandler                       0x080002ef   Thumb Code     0  startup_stm32f407xx.o(.text)
    I2C1_EV_IRQHandler                       0x080002ef   Thumb Code     0  startup_stm32f407xx.o(.text)
    I2C2_ER_IRQHandler                       0x080002ef   Thumb Code     0  startup_stm32f407xx.o(.text)
    I2C2_EV_IRQHandler                       0x080002ef   Thumb Code     0  startup_stm32f407xx.o(.text)
    I2C3_ER_IRQHandler                       0x080002ef   Thumb Code     0  startup_stm32f407xx.o(.text)
    I2C3_EV_IRQHandler                       0x080002ef   Thumb Code     0  startup_stm32f407xx.o(.text)
    OTG_FS_IRQHandler                        0x080002ef   Thumb Code     0  startup_stm32f407xx.o(.text)
    OTG_FS_WKUP_IRQHandler                   0x080002ef   Thumb Code     0  startup_stm32f407xx.o(.text)
    OTG_HS_EP1_IN_IRQHandler                 0x080002ef   Thumb Code     0  startup_stm32f407xx.o(.text)
    OTG_HS_EP1_OUT_IRQHandler                0x080002ef   Thumb Code     0  startup_stm32f407xx.o(.text)
    OTG_HS_IRQHandler                        0x080002ef   Thumb Code     0  startup_stm32f407xx.o(.text)
    OTG_HS_WKUP_IRQHandler                   0x080002ef   Thumb Code     0  startup_stm32f407xx.o(.text)
    PVD_IRQHandler                           0x080002ef   Thumb Code     0  startup_stm32f407xx.o(.text)
    RCC_IRQHandler                           0x080002ef   Thumb Code     0  startup_stm32f407xx.o(.text)
    RTC_Alarm_IRQHandler                     0x080002ef   Thumb Code     0  startup_stm32f407xx.o(.text)
    RTC_WKUP_IRQHandler                      0x080002ef   Thumb Code     0  startup_stm32f407xx.o(.text)
    SDIO_IRQHandler                          0x080002ef   Thumb Code     0  startup_stm32f407xx.o(.text)
    SPI1_IRQHandler                          0x080002ef   Thumb Code     0  startup_stm32f407xx.o(.text)
    SPI2_IRQHandler                          0x080002ef   Thumb Code     0  startup_stm32f407xx.o(.text)
    SPI3_IRQHandler                          0x080002ef   Thumb Code     0  startup_stm32f407xx.o(.text)
    TAMP_STAMP_IRQHandler                    0x080002ef   Thumb Code     0  startup_stm32f407xx.o(.text)
    TIM1_BRK_TIM9_IRQHandler                 0x080002ef   Thumb Code     0  startup_stm32f407xx.o(.text)
    TIM1_CC_IRQHandler                       0x080002ef   Thumb Code     0  startup_stm32f407xx.o(.text)
    TIM1_TRG_COM_TIM11_IRQHandler            0x080002ef   Thumb Code     0  startup_stm32f407xx.o(.text)
    TIM1_UP_TIM10_IRQHandler                 0x080002ef   Thumb Code     0  startup_stm32f407xx.o(.text)
    TIM2_IRQHandler                          0x080002ef   Thumb Code     0  startup_stm32f407xx.o(.text)
    TIM3_IRQHandler                          0x080002ef   Thumb Code     0  startup_stm32f407xx.o(.text)
    TIM4_IRQHandler                          0x080002ef   Thumb Code     0  startup_stm32f407xx.o(.text)
    TIM5_IRQHandler                          0x080002ef   Thumb Code     0  startup_stm32f407xx.o(.text)
    TIM6_DAC_IRQHandler                      0x080002ef   Thumb Code     0  startup_stm32f407xx.o(.text)
    TIM7_IRQHandler                          0x080002ef   Thumb Code     0  startup_stm32f407xx.o(.text)
    TIM8_BRK_TIM12_IRQHandler                0x080002ef   Thumb Code     0  startup_stm32f407xx.o(.text)
    TIM8_CC_IRQHandler                       0x080002ef   Thumb Code     0  startup_stm32f407xx.o(.text)
    TIM8_TRG_COM_TIM14_IRQHandler            0x080002ef   Thumb Code     0  startup_stm32f407xx.o(.text)
    TIM8_UP_TIM13_IRQHandler                 0x080002ef   Thumb Code     0  startup_stm32f407xx.o(.text)
    UART4_IRQHandler                         0x080002ef   Thumb Code     0  startup_stm32f407xx.o(.text)
    UART5_IRQHandler                         0x080002ef   Thumb Code     0  startup_stm32f407xx.o(.text)
    USART1_IRQHandler                        0x080002ef   Thumb Code     0  startup_stm32f407xx.o(.text)
    USART2_IRQHandler                        0x080002ef   Thumb Code     0  startup_stm32f407xx.o(.text)
    USART3_IRQHandler                        0x080002ef   Thumb Code     0  startup_stm32f407xx.o(.text)
    USART6_IRQHandler                        0x080002ef   Thumb Code     0  startup_stm32f407xx.o(.text)
    WWDG_IRQHandler                          0x080002ef   Thumb Code     0  startup_stm32f407xx.o(.text)
    __user_initial_stackheap                 0x080002f1   Thumb Code     0  startup_stm32f407xx.o(.text)
    __aeabi_uldivmod                         0x08000315   Thumb Code     0  lludivv7m.o(.text)
    _ll_udiv                                 0x08000315   Thumb Code   238  lludivv7m.o(.text)
    vsprintf                                 0x08000405   Thumb Code    32  vsprintf.o(.text)
    strlen                                   0x08000429   Thumb Code    62  strlen.o(.text)
    __aeabi_memclr4                          0x08000467   Thumb Code     0  rt_memclr_w.o(.text)
    __aeabi_memclr8                          0x08000467   Thumb Code     0  rt_memclr_w.o(.text)
    __rt_memclr_w                            0x08000467   Thumb Code    78  rt_memclr_w.o(.text)
    _memset_w                                0x0800046b   Thumb Code     0  rt_memclr_w.o(.text)
    __use_two_region_memory                  0x080004b5   Thumb Code     2  heapauxi.o(.text)
    __rt_heap_escrow$2region                 0x080004b7   Thumb Code     2  heapauxi.o(.text)
    __rt_heap_expand$2region                 0x080004b9   Thumb Code     2  heapauxi.o(.text)
    _printf_pre_padding                      0x080004bb   Thumb Code    44  _printf_pad.o(.text)
    _printf_post_padding                     0x080004e7   Thumb Code    34  _printf_pad.o(.text)
    _printf_truncate_signed                  0x08000509   Thumb Code    18  _printf_truncate.o(.text)
    _printf_truncate_unsigned                0x0800051b   Thumb Code    18  _printf_truncate.o(.text)
    _printf_str                              0x0800052d   Thumb Code    82  _printf_str.o(.text)
    _printf_int_dec                          0x08000581   Thumb Code   104  _printf_dec.o(.text)
    _printf_charcount                        0x080005f9   Thumb Code    40  _printf_charcount.o(.text)
    _printf_char_common                      0x0800062b   Thumb Code    32  _printf_char_common.o(.text)
    _sputc                                   0x08000651   Thumb Code    10  _sputc.o(.text)
    _printf_wctomb                           0x0800065d   Thumb Code   182  _printf_wctomb.o(.text)
    _printf_longlong_dec                     0x08000719   Thumb Code   108  _printf_longlong_dec.o(.text)
    _printf_longlong_oct                     0x08000795   Thumb Code    66  _printf_oct_int_ll.o(.text)
    _printf_int_oct                          0x080007d7   Thumb Code    24  _printf_oct_int_ll.o(.text)
    _printf_ll_oct                           0x080007ef   Thumb Code    12  _printf_oct_int_ll.o(.text)
    _printf_longlong_hex                     0x08000805   Thumb Code    86  _printf_hex_int_ll_ptr.o(.text)
    _printf_int_hex                          0x0800085b   Thumb Code    28  _printf_hex_int_ll_ptr.o(.text)
    _printf_ll_hex                           0x08000877   Thumb Code    12  _printf_hex_int_ll_ptr.o(.text)
    _printf_hex_ptr                          0x08000883   Thumb Code    18  _printf_hex_int_ll_ptr.o(.text)
    __printf                                 0x08000899   Thumb Code   388  __printf_flags_ss_wp.o(.text)
    _ll_udiv10                               0x08000a21   Thumb Code   138  lludiv10.o(.text)
    _printf_int_common                       0x08000aab   Thumb Code   178  _printf_intcommon.o(.text)
    __lib_sel_fp_printf                      0x08000b5d   Thumb Code     2  _printf_fp_dec.o(.text)
    _printf_fp_dec_real                      0x08000d0f   Thumb Code   620  _printf_fp_dec.o(.text)
    _printf_fp_hex_real                      0x08000f7d   Thumb Code   756  _printf_fp_hex.o(.text)
    _printf_cs_common                        0x08001279   Thumb Code    20  _printf_char.o(.text)
    _printf_char                             0x0800128d   Thumb Code    16  _printf_char.o(.text)
    _printf_string                           0x0800129d   Thumb Code     8  _printf_char.o(.text)
    _printf_lcs_common                       0x080012a5   Thumb Code    20  _printf_wchar.o(.text)
    _printf_wchar                            0x080012b9   Thumb Code    16  _printf_wchar.o(.text)
    _printf_wstring                          0x080012c9   Thumb Code     8  _printf_wchar.o(.text)
    _wcrtomb                                 0x080012d1   Thumb Code    64  _wcrtomb.o(.text)
    __user_setup_stackheap                   0x08001311   Thumb Code    74  sys_stackheap_outer.o(.text)
    __rt_ctype_table                         0x0800135d   Thumb Code    16  rt_ctype_table.o(.text)
    __rt_locale                              0x0800136d   Thumb Code     8  rt_locale_intlibspace.o(.text)
    _printf_fp_infnan                        0x08001375   Thumb Code   112  _printf_fp_infnan.o(.text)
    _btod_etento                             0x080013f5   Thumb Code   224  bigflt0.o(.text)
    exit                                     0x080014d9   Thumb Code    18  exit.o(.text)
    __user_libspace                          0x080014ed   Thumb Code     8  libspace.o(.text)
    __user_perproc_libspace                  0x080014ed   Thumb Code     0  libspace.o(.text)
    __user_perthread_libspace                0x080014ed   Thumb Code     0  libspace.o(.text)
    strcmp                                   0x080014f5   Thumb Code   128  strcmpv7m.o(.text)
    _sys_exit                                0x08001575   Thumb Code     8  sys_exit.o(.text)
    __I$use$semihosting                      0x08001581   Thumb Code     0  use_no_semi.o(.text)
    __use_no_semihosting_swi                 0x08001581   Thumb Code     2  use_no_semi.o(.text)
    __semihosting_library_function           0x08001583   Thumb Code     0  indicate_semi.o(.text)
    _btod_d2e                                0x08001583   Thumb Code    62  btod.o(CL$$btod_d2e)
    _d2e_denorm_low                          0x080015c1   Thumb Code    70  btod.o(CL$$btod_d2e_denorm_low)
    _d2e_norm_op1                            0x08001607   Thumb Code    96  btod.o(CL$$btod_d2e_norm_op1)
    __btod_div_common                        0x08001667   Thumb Code   696  btod.o(CL$$btod_div_common)
    _e2e                                     0x0800199f   Thumb Code   220  btod.o(CL$$btod_e2e)
    _btod_ediv                               0x08001a7b   Thumb Code    42  btod.o(CL$$btod_ediv)
    _btod_emul                               0x08001aa5   Thumb Code    42  btod.o(CL$$btod_emul)
    __btod_mult_common                       0x08001acf   Thumb Code   580  btod.o(CL$$btod_mult_common)
    BusFault_Handler                         0x08001d13   Thumb Code     2  stm32f4xx_it.o(i.BusFault_Handler)
    DebugMon_Handler                         0x08001d15   Thumb Code     2  stm32f4xx_it.o(i.DebugMon_Handler)
    HAL_Delay                                0x08001d19   Thumb Code    32  stm32f4xx_hal.o(i.HAL_Delay)
    HAL_GPIO_Init                            0x08001d3d   Thumb Code   450  stm32f4xx_hal_gpio.o(i.HAL_GPIO_Init)
    HAL_GetTick                              0x08001f2d   Thumb Code     6  stm32f4xx_hal.o(i.HAL_GetTick)
    HAL_I2C_Init                             0x08001f39   Thumb Code   376  stm32f4xx_hal_i2c.o(i.HAL_I2C_Init)
    HAL_I2C_IsDeviceReady                    0x080020c1   Thumb Code   354  stm32f4xx_hal_i2c.o(i.HAL_I2C_IsDeviceReady)
    HAL_I2C_Master_Receive                   0x0800222d   Thumb Code   468  stm32f4xx_hal_i2c.o(i.HAL_I2C_Master_Receive)
    HAL_I2C_Master_Transmit                  0x0800240d   Thumb Code   290  stm32f4xx_hal_i2c.o(i.HAL_I2C_Master_Transmit)
    HAL_I2C_MspInit                          0x08002539   Thumb Code   154  stm32f4xx_hal_msp.o(i.HAL_I2C_MspInit)
    HAL_IncTick                              0x080025e5   Thumb Code    12  stm32f4xx_hal.o(i.HAL_IncTick)
    HAL_Init                                 0x080025f5   Thumb Code    48  stm32f4xx_hal.o(i.HAL_Init)
    HAL_InitTick                             0x08002629   Thumb Code    54  stm32f4xx_hal.o(i.HAL_InitTick)
    HAL_MspInit                              0x08002669   Thumb Code    42  stm32f4xx_hal_msp.o(i.HAL_MspInit)
    HAL_NVIC_SetPriority                     0x08002699   Thumb Code    60  stm32f4xx_hal_cortex.o(i.HAL_NVIC_SetPriority)
    HAL_NVIC_SetPriorityGrouping             0x080026d9   Thumb Code    26  stm32f4xx_hal_cortex.o(i.HAL_NVIC_SetPriorityGrouping)
    HAL_RCC_ClockConfig                      0x080026fd   Thumb Code   288  stm32f4xx_hal_rcc.o(i.HAL_RCC_ClockConfig)
    HAL_RCC_GetPCLK1Freq                     0x08002831   Thumb Code    20  stm32f4xx_hal_rcc.o(i.HAL_RCC_GetPCLK1Freq)
    HAL_RCC_GetSysClockFreq                  0x08002851   Thumb Code    88  stm32f4xx_hal_rcc.o(i.HAL_RCC_GetSysClockFreq)
    HAL_RCC_OscConfig                        0x080028b5   Thumb Code   856  stm32f4xx_hal_rcc.o(i.HAL_RCC_OscConfig)
    HAL_SYSTICK_Config                       0x08002c21   Thumb Code    40  stm32f4xx_hal_cortex.o(i.HAL_SYSTICK_Config)
    HardFault_Handler                        0x08002c49   Thumb Code     2  stm32f4xx_it.o(i.HardFault_Handler)
    MemManage_Handler                        0x08002ffd   Thumb Code     2  stm32f4xx_it.o(i.MemManage_Handler)
    NMI_Handler                              0x08002fff   Thumb Code     2  stm32f4xx_it.o(i.NMI_Handler)
    PendSV_Handler                           0x08003001   Thumb Code     2  stm32f4xx_it.o(i.PendSV_Handler)
    SVC_Handler                              0x08003003   Thumb Code     2  stm32f4xx_it.o(i.SVC_Handler)
    SysTick_Handler                          0x08003005   Thumb Code     4  stm32f4xx_it.o(i.SysTick_Handler)
    SystemClock_Config                       0x08003009   Thumb Code   140  main.o(i.SystemClock_Config)
    SystemInit                               0x0800309d   Thumb Code    12  system_stm32f4xx.o(i.SystemInit)
    UsageFault_Handler                       0x080030ad   Thumb Code     2  stm32f4xx_it.o(i.UsageFault_Handler)
    __ARM_fpclassify                         0x080030af   Thumb Code    48  fpclassify.o(i.__ARM_fpclassify)
    _is_digit                                0x080030ff   Thumb Code    14  __printf_wp.o(i._is_digit)
    lcd16x2_i2c_clear                        0x0800310d   Thumb Code    18  lcd16x2_i2c.o(i.lcd16x2_i2c_clear)
    lcd16x2_i2c_init                         0x08003121   Thumb Code   178  lcd16x2_i2c.o(i.lcd16x2_i2c_init)
    lcd16x2_i2c_printf                       0x080031d9   Thumb Code   106  lcd16x2_i2c.o(i.lcd16x2_i2c_printf)
    lcd16x2_i2c_setCursor                    0x08003289   Thumb Code    22  lcd16x2_i2c.o(i.lcd16x2_i2c_setCursor)
    main                                     0x080032a1   Thumb Code   748  main.o(i.main)
    _get_lc_numeric                          0x08003631   Thumb Code    44  lc_numeric_c.o(locale$$code)
    _get_lc_ctype                            0x0800365d   Thumb Code    44  lc_ctype_c.o(locale$$code)
    __aeabi_d2f                              0x08003689   Thumb Code     0  d2f.o(x$fpl$d2f)
    _d2f                                     0x08003689   Thumb Code    98  d2f.o(x$fpl$d2f)
    __aeabi_ui2d                             0x080036eb   Thumb Code     0  dflt_clz.o(x$fpl$dfltu)
    _dfltu                                   0x080036eb   Thumb Code    38  dflt_clz.o(x$fpl$dfltu)
    __aeabi_dmul                             0x08003711   Thumb Code     0  dmul.o(x$fpl$dmul)
    _dmul                                    0x08003711   Thumb Code   332  dmul.o(x$fpl$dmul)
    __fpl_dnaninf                            0x08003865   Thumb Code   156  dnaninf.o(x$fpl$dnaninf)
    __fpl_dretinf                            0x08003901   Thumb Code    12  dretinf.o(x$fpl$dretinf)
    __aeabi_f2d                              0x0800390d   Thumb Code     0  f2d.o(x$fpl$f2d)
    _f2d                                     0x0800390d   Thumb Code    86  f2d.o(x$fpl$f2d)
    __fpl_fnaninf                            0x08003963   Thumb Code   140  fnaninf.o(x$fpl$fnaninf)
    _fp_init                                 0x080039ef   Thumb Code    10  fpinit.o(x$fpl$fpinit)
    __fplib_config_fpu_vfp                   0x080039f7   Thumb Code     0  fpinit.o(x$fpl$fpinit)
    __fplib_config_pureend_doubles           0x080039f7   Thumb Code     0  fpinit.o(x$fpl$fpinit)
    __fpl_fretinf                            0x080039f9   Thumb Code    10  fretinf.o(x$fpl$fretinf)
    _printf_fp_dec                           0x08003a03   Thumb Code     4  printf1.o(x$fpl$printf1)
    _printf_fp_hex                           0x08003a07   Thumb Code     4  printf2.o(x$fpl$printf2)
    AHBPrescTable                            0x08003a0a   Data          16  system_stm32f4xx.o(.constdata)
    __I$use$fp                               0x08003a0a   Number         0  usenofp.o(x$fpl$usenofp)
    APBPrescTable                            0x08003a1a   Data           8  system_stm32f4xx.o(.constdata)
    Region$$Table$$Base                      0x08003b20   Number         0  anon$$obj.o(Region$$Table)
    Region$$Table$$Limit                     0x08003b40   Number         0  anon$$obj.o(Region$$Table)
    __ctype                                  0x08003b69   Data           0  lc_ctype_c.o(locale$$data)
    deviceAddress                            0x20000000   Data           1  main.o(.data)
    ThermistorValue                          0x20000002   Data           2  main.o(.data)
    temperatureThermistor                    0x20000004   Data           4  main.o(.data)
    i2cBuf                                   0x20000008   Data           8  main.o(.data)
    uwTickFreq                               0x20000018   Data           1  stm32f4xx_hal.o(.data)
    uwTickPrio                               0x2000001c   Data           4  stm32f4xx_hal.o(.data)
    uwTick                                   0x20000020   Data           4  stm32f4xx_hal.o(.data)
    SystemCoreClock                          0x20000024   Data           4  system_stm32f4xx.o(.data)
    hi2c1                                    0x20000028   Data          84  main.o(.bss)
    hi2c2                                    0x2000007c   Data          84  main.o(.bss)
    Data                                     0x200000d0   Data         256  main.o(.bss)
    __libspace_start                         0x200001d0   Data          96  libspace.o(.bss)
    __temporary_stack_top$libspace           0x20000230   Data           0  libspace.o(.bss)



==============================================================================

Memory Map of the image

  Image Entry point : 0x08000189

  Load Region LR_IROM1 (Base: 0x08000000, Size: 0x00003c94, Max: 0x00080000, ABSOLUTE)

    Execution Region ER_IROM1 (Exec base: 0x08000000, Load base: 0x08000000, Size: 0x00003c6c, Max: 0x00080000, ABSOLUTE)

    Exec Addr    Load Addr    Size         Type   Attr      Idx    E Section Name        Object

    0x08000000   0x08000000   0x00000188   Data   RO            3    RESET               startup_stm32f407xx.o
    0x08000188   0x08000188   0x00000008   Code   RO         2039  * !!!main             c_w.l(__main.o)
    0x08000190   0x08000190   0x00000034   Code   RO         2392    !!!scatter          c_w.l(__scatter.o)
    0x080001c4   0x080001c4   0x0000001a   Code   RO         2394    !!handler_copy      c_w.l(__scatter_copy.o)
    0x080001de   0x080001de   0x00000002   PAD
    0x080001e0   0x080001e0   0x0000001c   Code   RO         2396    !!handler_zi        c_w.l(__scatter_zi.o)
    0x080001fc   0x080001fc   0x00000000   Code   RO         2139    .ARM.Collect$$_printf_percent$$00000000  c_w.l(_printf_percent.o)
    0x080001fc   0x080001fc   0x00000006   Code   RO         2128    .ARM.Collect$$_printf_percent$$00000001  c_w.l(_printf_n.o)
    0x08000202   0x08000202   0x00000006   Code   RO         2130    .ARM.Collect$$_printf_percent$$00000002  c_w.l(_printf_p.o)
    0x08000208   0x08000208   0x00000006   Code   RO         2135    .ARM.Collect$$_printf_percent$$00000003  c_w.l(_printf_f.o)
    0x0800020e   0x0800020e   0x00000006   Code   RO         2136    .ARM.Collect$$_printf_percent$$00000004  c_w.l(_printf_e.o)
    0x08000214   0x08000214   0x00000006   Code   RO         2137    .ARM.Collect$$_printf_percent$$00000005  c_w.l(_printf_g.o)
    0x0800021a   0x0800021a   0x00000006   Code   RO         2138    .ARM.Collect$$_printf_percent$$00000006  c_w.l(_printf_a.o)
    0x08000220   0x08000220   0x0000000a   Code   RO         2143    .ARM.Collect$$_printf_percent$$00000007  c_w.l(_printf_ll.o)
    0x0800022a   0x0800022a   0x00000006   Code   RO         2132    .ARM.Collect$$_printf_percent$$00000008  c_w.l(_printf_i.o)
    0x08000230   0x08000230   0x00000006   Code   RO         2133    .ARM.Collect$$_printf_percent$$00000009  c_w.l(_printf_d.o)
    0x08000236   0x08000236   0x00000006   Code   RO         2134    .ARM.Collect$$_printf_percent$$0000000A  c_w.l(_printf_u.o)
    0x0800023c   0x0800023c   0x00000006   Code   RO         2131    .ARM.Collect$$_printf_percent$$0000000B  c_w.l(_printf_o.o)
    0x08000242   0x08000242   0x00000006   Code   RO         2129    .ARM.Collect$$_printf_percent$$0000000C  c_w.l(_printf_x.o)
    0x08000248   0x08000248   0x00000006   Code   RO         2140    .ARM.Collect$$_printf_percent$$0000000D  c_w.l(_printf_lli.o)
    0x0800024e   0x0800024e   0x00000006   Code   RO         2141    .ARM.Collect$$_printf_percent$$0000000E  c_w.l(_printf_lld.o)
    0x08000254   0x08000254   0x00000006   Code   RO         2142    .ARM.Collect$$_printf_percent$$0000000F  c_w.l(_printf_llu.o)
    0x0800025a   0x0800025a   0x00000006   Code   RO         2147    .ARM.Collect$$_printf_percent$$00000010  c_w.l(_printf_llo.o)
    0x08000260   0x08000260   0x00000006   Code   RO         2148    .ARM.Collect$$_printf_percent$$00000011  c_w.l(_printf_llx.o)
    0x08000266   0x08000266   0x0000000a   Code   RO         2144    .ARM.Collect$$_printf_percent$$00000012  c_w.l(_printf_l.o)
    0x08000270   0x08000270   0x00000006   Code   RO         2126    .ARM.Collect$$_printf_percent$$00000013  c_w.l(_printf_c.o)
    0x08000276   0x08000276   0x00000006   Code   RO         2127    .ARM.Collect$$_printf_percent$$00000014  c_w.l(_printf_s.o)
    0x0800027c   0x0800027c   0x00000006   Code   RO         2145    .ARM.Collect$$_printf_percent$$00000015  c_w.l(_printf_lc.o)
    0x08000282   0x08000282   0x00000006   Code   RO         2146    .ARM.Collect$$_printf_percent$$00000016  c_w.l(_printf_ls.o)
    0x08000288   0x08000288   0x00000004   Code   RO         2198    .ARM.Collect$$_printf_percent$$00000017  c_w.l(_printf_percent_end.o)
    0x0800028c   0x0800028c   0x00000002   Code   RO         2251    .ARM.Collect$$libinit$$00000000  c_w.l(libinit.o)
    0x0800028e   0x0800028e   0x00000004   Code   RO         2272    .ARM.Collect$$libinit$$00000001  c_w.l(libinit2.o)
    0x08000292   0x08000292   0x00000000   Code   RO         2275    .ARM.Collect$$libinit$$00000004  c_w.l(libinit2.o)
    0x08000292   0x08000292   0x00000000   Code   RO         2278    .ARM.Collect$$libinit$$0000000A  c_w.l(libinit2.o)
    0x08000292   0x08000292   0x00000000   Code   RO         2280    .ARM.Collect$$libinit$$0000000C  c_w.l(libinit2.o)
    0x08000292   0x08000292   0x00000000   Code   RO         2282    .ARM.Collect$$libinit$$0000000E  c_w.l(libinit2.o)
    0x08000292   0x08000292   0x00000006   Code   RO         2283    .ARM.Collect$$libinit$$0000000F  c_w.l(libinit2.o)
    0x08000298   0x08000298   0x00000000   Code   RO         2285    .ARM.Collect$$libinit$$00000011  c_w.l(libinit2.o)
    0x08000298   0x08000298   0x0000000c   Code   RO         2286    .ARM.Collect$$libinit$$00000012  c_w.l(libinit2.o)
    0x080002a4   0x080002a4   0x00000000   Code   RO         2287    .ARM.Collect$$libinit$$00000013  c_w.l(libinit2.o)
    0x080002a4   0x080002a4   0x00000000   Code   RO         2289    .ARM.Collect$$libinit$$00000015  c_w.l(libinit2.o)
    0x080002a4   0x080002a4   0x0000000a   Code   RO         2290    .ARM.Collect$$libinit$$00000016  c_w.l(libinit2.o)
    0x080002ae   0x080002ae   0x00000000   Code   RO         2291    .ARM.Collect$$libinit$$00000017  c_w.l(libinit2.o)
    0x080002ae   0x080002ae   0x00000000   Code   RO         2293    .ARM.Collect$$libinit$$00000019  c_w.l(libinit2.o)
    0x080002ae   0x080002ae   0x00000000   Code   RO         2295    .ARM.Collect$$libinit$$0000001B  c_w.l(libinit2.o)
    0x080002ae   0x080002ae   0x00000000   Code   RO         2297    .ARM.Collect$$libinit$$0000001D  c_w.l(libinit2.o)
    0x080002ae   0x080002ae   0x00000000   Code   RO         2299    .ARM.Collect$$libinit$$0000001F  c_w.l(libinit2.o)
    0x080002ae   0x080002ae   0x00000000   Code   RO         2301    .ARM.Collect$$libinit$$00000021  c_w.l(libinit2.o)
    0x080002ae   0x080002ae   0x00000000   Code   RO         2303    .ARM.Collect$$libinit$$00000023  c_w.l(libinit2.o)
    0x080002ae   0x080002ae   0x00000000   Code   RO         2305    .ARM.Collect$$libinit$$00000025  c_w.l(libinit2.o)
    0x080002ae   0x080002ae   0x00000000   Code   RO         2309    .ARM.Collect$$libinit$$0000002C  c_w.l(libinit2.o)
    0x080002ae   0x080002ae   0x00000000   Code   RO         2311    .ARM.Collect$$libinit$$0000002E  c_w.l(libinit2.o)
    0x080002ae   0x080002ae   0x00000000   Code   RO         2313    .ARM.Collect$$libinit$$00000030  c_w.l(libinit2.o)
    0x080002ae   0x080002ae   0x00000000   Code   RO         2315    .ARM.Collect$$libinit$$00000032  c_w.l(libinit2.o)
    0x080002ae   0x080002ae   0x00000002   Code   RO         2316    .ARM.Collect$$libinit$$00000033  c_w.l(libinit2.o)
    0x080002b0   0x080002b0   0x00000002   Code   RO         2347    .ARM.Collect$$libshutdown$$00000000  c_w.l(libshutdown.o)
    0x080002b2   0x080002b2   0x00000000   Code   RO         2373    .ARM.Collect$$libshutdown$$00000002  c_w.l(libshutdown2.o)
    0x080002b2   0x080002b2   0x00000000   Code   RO         2375    .ARM.Collect$$libshutdown$$00000004  c_w.l(libshutdown2.o)
    0x080002b2   0x080002b2   0x00000000   Code   RO         2377    .ARM.Collect$$libshutdown$$00000006  c_w.l(libshutdown2.o)
    0x080002b2   0x080002b2   0x00000000   Code   RO         2380    .ARM.Collect$$libshutdown$$00000009  c_w.l(libshutdown2.o)
    0x080002b2   0x080002b2   0x00000000   Code   RO         2383    .ARM.Collect$$libshutdown$$0000000C  c_w.l(libshutdown2.o)
    0x080002b2   0x080002b2   0x00000000   Code   RO         2385    .ARM.Collect$$libshutdown$$0000000E  c_w.l(libshutdown2.o)
    0x080002b2   0x080002b2   0x00000000   Code   RO         2388    .ARM.Collect$$libshutdown$$00000011  c_w.l(libshutdown2.o)
    0x080002b2   0x080002b2   0x00000002   Code   RO         2389    .ARM.Collect$$libshutdown$$00000012  c_w.l(libshutdown2.o)
    0x080002b4   0x080002b4   0x00000000   Code   RO         2053    .ARM.Collect$$rtentry$$00000000  c_w.l(__rtentry.o)
    0x080002b4   0x080002b4   0x00000000   Code   RO         2167    .ARM.Collect$$rtentry$$00000002  c_w.l(__rtentry2.o)
    0x080002b4   0x080002b4   0x00000006   Code   RO         2179    .ARM.Collect$$rtentry$$00000004  c_w.l(__rtentry4.o)
    0x080002ba   0x080002ba   0x00000000   Code   RO         2169    .ARM.Collect$$rtentry$$00000009  c_w.l(__rtentry2.o)
    0x080002ba   0x080002ba   0x00000004   Code   RO         2170    .ARM.Collect$$rtentry$$0000000A  c_w.l(__rtentry2.o)
    0x080002be   0x080002be   0x00000000   Code   RO         2172    .ARM.Collect$$rtentry$$0000000C  c_w.l(__rtentry2.o)
    0x080002be   0x080002be   0x00000008   Code   RO         2173    .ARM.Collect$$rtentry$$0000000D  c_w.l(__rtentry2.o)
    0x080002c6   0x080002c6   0x00000002   Code   RO         2259    .ARM.Collect$$rtexit$$00000000  c_w.l(rtexit.o)
    0x080002c8   0x080002c8   0x00000000   Code   RO         2320    .ARM.Collect$$rtexit$$00000002  c_w.l(rtexit2.o)
    0x080002c8   0x080002c8   0x00000004   Code   RO         2321    .ARM.Collect$$rtexit$$00000003  c_w.l(rtexit2.o)
    0x080002cc   0x080002cc   0x00000006   Code   RO         2322    .ARM.Collect$$rtexit$$00000004  c_w.l(rtexit2.o)
    0x080002d2   0x080002d2   0x00000002   PAD
    0x080002d4   0x080002d4   0x00000040   Code   RO            4    .text               startup_stm32f407xx.o
    0x08000314   0x08000314   0x000000ee   Code   RO         2029    .text               c_w.l(lludivv7m.o)
    0x08000402   0x08000402   0x00000002   PAD
    0x08000404   0x08000404   0x00000024   Code   RO         2031    .text               c_w.l(vsprintf.o)
    0x08000428   0x08000428   0x0000003e   Code   RO         2033    .text               c_w.l(strlen.o)
    0x08000466   0x08000466   0x0000004e   Code   RO         2035    .text               c_w.l(rt_memclr_w.o)
    0x080004b4   0x080004b4   0x00000006   Code   RO         2037    .text               c_w.l(heapauxi.o)
    0x080004ba   0x080004ba   0x0000004e   Code   RO         2060    .text               c_w.l(_printf_pad.o)
    0x08000508   0x08000508   0x00000024   Code   RO         2062    .text               c_w.l(_printf_truncate.o)
    0x0800052c   0x0800052c   0x00000052   Code   RO         2064    .text               c_w.l(_printf_str.o)
    0x0800057e   0x0800057e   0x00000002   PAD
    0x08000580   0x08000580   0x00000078   Code   RO         2066    .text               c_w.l(_printf_dec.o)
    0x080005f8   0x080005f8   0x00000028   Code   RO         2068    .text               c_w.l(_printf_charcount.o)
    0x08000620   0x08000620   0x00000030   Code   RO         2070    .text               c_w.l(_printf_char_common.o)
    0x08000650   0x08000650   0x0000000a   Code   RO         2072    .text               c_w.l(_sputc.o)
    0x0800065a   0x0800065a   0x00000002   PAD
    0x0800065c   0x0800065c   0x000000bc   Code   RO         2074    .text               c_w.l(_printf_wctomb.o)
    0x08000718   0x08000718   0x0000007c   Code   RO         2077    .text               c_w.l(_printf_longlong_dec.o)
    0x08000794   0x08000794   0x00000070   Code   RO         2083    .text               c_w.l(_printf_oct_int_ll.o)
    0x08000804   0x08000804   0x00000094   Code   RO         2103    .text               c_w.l(_printf_hex_int_ll_ptr.o)
    0x08000898   0x08000898   0x00000188   Code   RO         2123    .text               c_w.l(__printf_flags_ss_wp.o)
    0x08000a20   0x08000a20   0x0000008a   Code   RO         2183    .text               c_w.l(lludiv10.o)
    0x08000aaa   0x08000aaa   0x000000b2   Code   RO         2185    .text               c_w.l(_printf_intcommon.o)
    0x08000b5c   0x08000b5c   0x0000041e   Code   RO         2187    .text               c_w.l(_printf_fp_dec.o)
    0x08000f7a   0x08000f7a   0x00000002   PAD
    0x08000f7c   0x08000f7c   0x000002fc   Code   RO         2189    .text               c_w.l(_printf_fp_hex.o)
    0x08001278   0x08001278   0x0000002c   Code   RO         2194    .text               c_w.l(_printf_char.o)
    0x080012a4   0x080012a4   0x0000002c   Code   RO         2196    .text               c_w.l(_printf_wchar.o)
    0x080012d0   0x080012d0   0x00000040   Code   RO         2199    .text               c_w.l(_wcrtomb.o)
    0x08001310   0x08001310   0x0000004a   Code   RO         2201    .text               c_w.l(sys_stackheap_outer.o)
    0x0800135a   0x0800135a   0x00000002   PAD
    0x0800135c   0x0800135c   0x00000010   Code   RO         2203    .text               c_w.l(rt_ctype_table.o)
    0x0800136c   0x0800136c   0x00000008   Code   RO         2208    .text               c_w.l(rt_locale_intlibspace.o)
    0x08001374   0x08001374   0x00000080   Code   RO         2210    .text               c_w.l(_printf_fp_infnan.o)
    0x080013f4   0x080013f4   0x000000e4   Code   RO         2212    .text               c_w.l(bigflt0.o)
    0x080014d8   0x080014d8   0x00000012   Code   RO         2240    .text               c_w.l(exit.o)
    0x080014ea   0x080014ea   0x00000002   PAD
    0x080014ec   0x080014ec   0x00000008   Code   RO         2256    .text               c_w.l(libspace.o)
    0x080014f4   0x080014f4   0x00000080   Code   RO         2270    .text               c_w.l(strcmpv7m.o)
    0x08001574   0x08001574   0x0000000c   Code   RO         2317    .text               c_w.l(sys_exit.o)
    0x08001580   0x08001580   0x00000002   Code   RO         2336    .text               c_w.l(use_no_semi.o)
    0x08001582   0x08001582   0x00000000   Code   RO         2338    .text               c_w.l(indicate_semi.o)
    0x08001582   0x08001582   0x0000003e   Code   RO         2215    CL$$btod_d2e        c_w.l(btod.o)
    0x080015c0   0x080015c0   0x00000046   Code   RO         2217    CL$$btod_d2e_denorm_low  c_w.l(btod.o)
    0x08001606   0x08001606   0x00000060   Code   RO         2216    CL$$btod_d2e_norm_op1  c_w.l(btod.o)
    0x08001666   0x08001666   0x00000338   Code   RO         2225    CL$$btod_div_common  c_w.l(btod.o)
    0x0800199e   0x0800199e   0x000000dc   Code   RO         2222    CL$$btod_e2e        c_w.l(btod.o)
    0x08001a7a   0x08001a7a   0x0000002a   Code   RO         2219    CL$$btod_ediv       c_w.l(btod.o)
    0x08001aa4   0x08001aa4   0x0000002a   Code   RO         2218    CL$$btod_emul       c_w.l(btod.o)
    0x08001ace   0x08001ace   0x00000244   Code   RO         2224    CL$$btod_mult_common  c_w.l(btod.o)
    0x08001d12   0x08001d12   0x00000002   Code   RO          153    i.BusFault_Handler  stm32f4xx_it.o
    0x08001d14   0x08001d14   0x00000002   Code   RO          154    i.DebugMon_Handler  stm32f4xx_it.o
    0x08001d16   0x08001d16   0x00000002   PAD
    0x08001d18   0x08001d18   0x00000024   Code   RO         1705    i.HAL_Delay         stm32f4xx_hal.o
    0x08001d3c   0x08001d3c   0x000001f0   Code   RO         1179    i.HAL_GPIO_Init     stm32f4xx_hal_gpio.o
    0x08001f2c   0x08001f2c   0x0000000c   Code   RO         1711    i.HAL_GetTick       stm32f4xx_hal.o
    0x08001f38   0x08001f38   0x00000188   Code   RO          385    i.HAL_I2C_Init      stm32f4xx_hal_i2c.o
    0x080020c0   0x080020c0   0x0000016c   Code   RO          386    i.HAL_I2C_IsDeviceReady  stm32f4xx_hal_i2c.o
    0x0800222c   0x0800222c   0x000001e0   Code   RO          391    i.HAL_I2C_Master_Receive  stm32f4xx_hal_i2c.o
    0x0800240c   0x0800240c   0x0000012c   Code   RO          398    i.HAL_I2C_Master_Transmit  stm32f4xx_hal_i2c.o
    0x08002538   0x08002538   0x000000ac   Code   RO          229    i.HAL_I2C_MspInit   stm32f4xx_hal_msp.o
    0x080025e4   0x080025e4   0x00000010   Code   RO         1717    i.HAL_IncTick       stm32f4xx_hal.o
    0x080025f4   0x080025f4   0x00000034   Code   RO         1718    i.HAL_Init          stm32f4xx_hal.o
    0x08002628   0x08002628   0x00000040   Code   RO         1719    i.HAL_InitTick      stm32f4xx_hal.o
    0x08002668   0x08002668   0x00000030   Code   RO          230    i.HAL_MspInit       stm32f4xx_hal_msp.o
    0x08002698   0x08002698   0x00000040   Code   RO         1574    i.HAL_NVIC_SetPriority  stm32f4xx_hal_cortex.o
    0x080026d8   0x080026d8   0x00000024   Code   RO         1575    i.HAL_NVIC_SetPriorityGrouping  stm32f4xx_hal_cortex.o
    0x080026fc   0x080026fc   0x00000134   Code   RO          825    i.HAL_RCC_ClockConfig  stm32f4xx_hal_rcc.o
    0x08002830   0x08002830   0x00000020   Code   RO          832    i.HAL_RCC_GetPCLK1Freq  stm32f4xx_hal_rcc.o
    0x08002850   0x08002850   0x00000064   Code   RO          834    i.HAL_RCC_GetSysClockFreq  stm32f4xx_hal_rcc.o
    0x080028b4   0x080028b4   0x0000036c   Code   RO          837    i.HAL_RCC_OscConfig  stm32f4xx_hal_rcc.o
    0x08002c20   0x08002c20   0x00000028   Code   RO         1579    i.HAL_SYSTICK_Config  stm32f4xx_hal_cortex.o
    0x08002c48   0x08002c48   0x00000002   Code   RO          155    i.HardFault_Handler  stm32f4xx_it.o
    0x08002c4a   0x08002c4a   0x0000002e   Code   RO          427    i.I2C_IsAcknowledgeFailed  stm32f4xx_hal_i2c.o
    0x08002c78   0x08002c78   0x000000ec   Code   RO          430    i.I2C_MasterRequestRead  stm32f4xx_hal_i2c.o
    0x08002d64   0x08002d64   0x0000009c   Code   RO          431    i.I2C_MasterRequestWrite  stm32f4xx_hal_i2c.o
    0x08002e00   0x08002e00   0x0000004c   Code   RO          442    i.I2C_WaitOnBTFFlagUntilTimeout  stm32f4xx_hal_i2c.o
    0x08002e4c   0x08002e4c   0x00000068   Code   RO          443    i.I2C_WaitOnFlagUntilTimeout  stm32f4xx_hal_i2c.o
    0x08002eb4   0x08002eb4   0x00000096   Code   RO          444    i.I2C_WaitOnMasterAddressFlagUntilTimeout  stm32f4xx_hal_i2c.o
    0x08002f4a   0x08002f4a   0x00000066   Code   RO          445    i.I2C_WaitOnRXNEFlagUntilTimeout  stm32f4xx_hal_i2c.o
    0x08002fb0   0x08002fb0   0x0000004c   Code   RO          446    i.I2C_WaitOnTXEFlagUntilTimeout  stm32f4xx_hal_i2c.o
    0x08002ffc   0x08002ffc   0x00000002   Code   RO          156    i.MemManage_Handler  stm32f4xx_it.o
    0x08002ffe   0x08002ffe   0x00000002   Code   RO          157    i.NMI_Handler       stm32f4xx_it.o
    0x08003000   0x08003000   0x00000002   Code   RO          158    i.PendSV_Handler    stm32f4xx_it.o
    0x08003002   0x08003002   0x00000002   Code   RO          159    i.SVC_Handler       stm32f4xx_it.o
    0x08003004   0x08003004   0x00000004   Code   RO          160    i.SysTick_Handler   stm32f4xx_it.o
    0x08003008   0x08003008   0x00000094   Code   RO           14    i.SystemClock_Config  main.o
    0x0800309c   0x0800309c   0x00000010   Code   RO         1993    i.SystemInit        system_stm32f4xx.o
    0x080030ac   0x080030ac   0x00000002   Code   RO          161    i.UsageFault_Handler  stm32f4xx_it.o
    0x080030ae   0x080030ae   0x00000030   Code   RO         2254    i.__ARM_fpclassify  m_wm.l(fpclassify.o)
    0x080030de   0x080030de   0x00000020   Code   RO         1581    i.__NVIC_SetPriority  stm32f4xx_hal_cortex.o
    0x080030fe   0x080030fe   0x0000000e   Code   RO         2116    i._is_digit         c_w.l(__printf_wp.o)
    0x0800310c   0x0800310c   0x00000012   Code   RO          268    i.lcd16x2_i2c_clear  lcd16x2_i2c.o
    0x0800311e   0x0800311e   0x00000002   PAD
    0x08003120   0x08003120   0x000000b8   Code   RO          271    i.lcd16x2_i2c_init  lcd16x2_i2c.o
    0x080031d8   0x080031d8   0x00000070   Code   RO          272    i.lcd16x2_i2c_printf  lcd16x2_i2c.o
    0x08003248   0x08003248   0x00000040   Code   RO          273    i.lcd16x2_i2c_sendCommand  lcd16x2_i2c.o
    0x08003288   0x08003288   0x00000016   Code   RO          274    i.lcd16x2_i2c_setCursor  lcd16x2_i2c.o
    0x0800329e   0x0800329e   0x00000002   PAD
    0x080032a0   0x080032a0   0x00000390   Code   RO           15    i.main              main.o
    0x08003630   0x08003630   0x0000002c   Code   RO         2238    locale$$code        c_w.l(lc_numeric_c.o)
    0x0800365c   0x0800365c   0x0000002c   Code   RO         2264    locale$$code        c_w.l(lc_ctype_c.o)
    0x08003688   0x08003688   0x00000062   Code   RO         2041    x$fpl$d2f           fz_wm.l(d2f.o)
    0x080036ea   0x080036ea   0x00000026   Code   RO         2043    x$fpl$dfltu         fz_wm.l(dflt_clz.o)
    0x08003710   0x08003710   0x00000154   Code   RO         2049    x$fpl$dmul          fz_wm.l(dmul.o)
    0x08003864   0x08003864   0x0000009c   Code   RO         2149    x$fpl$dnaninf       fz_wm.l(dnaninf.o)
    0x08003900   0x08003900   0x0000000c   Code   RO         2151    x$fpl$dretinf       fz_wm.l(dretinf.o)
    0x0800390c   0x0800390c   0x00000056   Code   RO         2051    x$fpl$f2d           fz_wm.l(f2d.o)
    0x08003962   0x08003962   0x0000008c   Code   RO         2153    x$fpl$fnaninf       fz_wm.l(fnaninf.o)
    0x080039ee   0x080039ee   0x0000000a   Code   RO         2332    x$fpl$fpinit        fz_wm.l(fpinit.o)
    0x080039f8   0x080039f8   0x0000000a   Code   RO         2155    x$fpl$fretinf       fz_wm.l(fretinf.o)
    0x08003a02   0x08003a02   0x00000004   Code   RO         2157    x$fpl$printf1       fz_wm.l(printf1.o)
    0x08003a06   0x08003a06   0x00000004   Code   RO         2159    x$fpl$printf2       fz_wm.l(printf2.o)
    0x08003a0a   0x08003a0a   0x00000000   Code   RO         2165    x$fpl$usenofp       fz_wm.l(usenofp.o)
    0x08003a0a   0x08003a0a   0x00000010   Data   RO         1994    .constdata          system_stm32f4xx.o
    0x08003a1a   0x08003a1a   0x00000008   Data   RO         1995    .constdata          system_stm32f4xx.o
    0x08003a22   0x08003a22   0x00000002   PAD
    0x08003a24   0x08003a24   0x00000008   Data   RO         2075    .constdata          c_w.l(_printf_wctomb.o)
    0x08003a2c   0x08003a2c   0x00000028   Data   RO         2104    .constdata          c_w.l(_printf_hex_int_ll_ptr.o)
    0x08003a54   0x08003a54   0x00000011   Data   RO         2124    .constdata          c_w.l(__printf_flags_ss_wp.o)
    0x08003a65   0x08003a65   0x00000026   Data   RO         2190    .constdata          c_w.l(_printf_fp_hex.o)
    0x08003a8b   0x08003a8b   0x00000001   PAD
    0x08003a8c   0x08003a8c   0x00000094   Data   RO         2213    .constdata          c_w.l(bigflt0.o)
    0x08003b20   0x08003b20   0x00000020   Data   RO         2390    Region$$Table       anon$$obj.o
    0x08003b40   0x08003b40   0x0000001c   Data   RO         2237    locale$$data        c_w.l(lc_numeric_c.o)
    0x08003b5c   0x08003b5c   0x00000110   Data   RO         2263    locale$$data        c_w.l(lc_ctype_c.o)


    Execution Region RW_IRAM1 (Exec base: 0x20000000, Load base: 0x08003c6c, Size: 0x00000830, Max: 0x0001c000, ABSOLUTE)

    Exec Addr    Load Addr    Size         Type   Attr      Idx    E Section Name        Object

    0x20000000   0x08003c6c   0x00000010   Data   RW           17    .data               main.o
    0x20000010   0x08003c7c   0x00000008   Data   RW          277    .data               lcd16x2_i2c.o
    0x20000018   0x08003c84   0x0000000c   Data   RW         1725    .data               stm32f4xx_hal.o
    0x20000024   0x08003c90   0x00000004   Data   RW         1996    .data               system_stm32f4xx.o
    0x20000028        -       0x000001a8   Zero   RW           16    .bss                main.o
    0x200001d0        -       0x00000060   Zero   RW         2257    .bss                c_w.l(libspace.o)
    0x20000230        -       0x00000200   Zero   RW            2    HEAP                startup_stm32f407xx.o
    0x20000430        -       0x00000400   Zero   RW            1    STACK               startup_stm32f407xx.o


    Execution Region RW_IRAM2 (Exec base: 0x2001c000, Load base: 0x08003c94, Size: 0x00000000, Max: 0x00004000, ABSOLUTE)

    **** No section assigned to this execution region ****


==============================================================================

Image component sizes


      Code (inc. data)   RO Data    RW Data    ZI Data      Debug   Object Name

       400         16          0          8          0       4952   lcd16x2_i2c.o
      1060        172          0         16        424     659110   main.o
        64         26        392          0       1536        836   startup_stm32f407xx.o
       180         28          0         12          0       9345   stm32f4xx_hal.o
       172         14          0          0          0      33218   stm32f4xx_hal_cortex.o
       496         46          0          0          0       1516   stm32f4xx_hal_gpio.o
      2482         60          0          0          0      13926   stm32f4xx_hal_i2c.o
       220         24          0          0          0       1672   stm32f4xx_hal_msp.o
      1316         64          0          0          0       4605   stm32f4xx_hal_rcc.o
        20          0          0          0          0       4094   stm32f4xx_it.o
        16          4         24          4          0       1103   system_stm32f4xx.o

    ----------------------------------------------------------------------
      6432        454        450         40       1960     734377   Object Totals
         0          0         32          0          0          0   (incl. Generated)
         6          0          2          0          0          0   (incl. Padding)

    ----------------------------------------------------------------------

      Code (inc. data)   RO Data    RW Data    ZI Data      Debug   Library Member Name

         8          0          0          0          0         68   __main.o
       392          4         17          0          0         92   __printf_flags_ss_wp.o
        14          0          0          0          0         68   __printf_wp.o
         0          0          0          0          0          0   __rtentry.o
        12          0          0          0          0          0   __rtentry2.o
         6          0          0          0          0          0   __rtentry4.o
        52          8          0          0          0          0   __scatter.o
        26          0          0          0          0          0   __scatter_copy.o
        28          0          0          0          0          0   __scatter_zi.o
         6          0          0          0          0          0   _printf_a.o
         6          0          0          0          0          0   _printf_c.o
        44          0          0          0          0        108   _printf_char.o
        48          6          0          0          0         96   _printf_char_common.o
        40          0          0          0          0         68   _printf_charcount.o
         6          0          0          0          0          0   _printf_d.o
       120         16          0          0          0         92   _printf_dec.o
         6          0          0          0          0          0   _printf_e.o
         6          0          0          0          0          0   _printf_f.o
      1054          0          0          0          0        216   _printf_fp_dec.o
       764          8         38          0          0        100   _printf_fp_hex.o
       128         16          0          0          0         84   _printf_fp_infnan.o
         6          0          0          0          0          0   _printf_g.o
       148          4         40          0          0        160   _printf_hex_int_ll_ptr.o
         6          0          0          0          0          0   _printf_i.o
       178          0          0          0          0         88   _printf_intcommon.o
        10          0          0          0          0          0   _printf_l.o
         6          0          0          0          0          0   _printf_lc.o
        10          0          0          0          0          0   _printf_ll.o
         6          0          0          0          0          0   _printf_lld.o
         6          0          0          0          0          0   _printf_lli.o
         6          0          0          0          0          0   _printf_llo.o
         6          0          0          0          0          0   _printf_llu.o
         6          0          0          0          0          0   _printf_llx.o
       124         16          0          0          0         92   _printf_longlong_dec.o
         6          0          0          0          0          0   _printf_ls.o
         6          0          0          0          0          0   _printf_n.o
         6          0          0          0          0          0   _printf_o.o
       112         10          0          0          0        124   _printf_oct_int_ll.o
         6          0          0          0          0          0   _printf_p.o
        78          0          0          0          0        108   _printf_pad.o
         0          0          0          0          0          0   _printf_percent.o
         4          0          0          0          0          0   _printf_percent_end.o
         6          0          0          0          0          0   _printf_s.o
        82          0          0          0          0         80   _printf_str.o
        36          0          0          0          0         84   _printf_truncate.o
         6          0          0          0          0          0   _printf_u.o
        44          0          0          0          0        108   _printf_wchar.o
       188          6          8          0          0         92   _printf_wctomb.o
         6          0          0          0          0          0   _printf_x.o
        10          0          0          0          0         68   _sputc.o
        64          0          0          0          0         92   _wcrtomb.o
       228          4        148          0          0         96   bigflt0.o
      1936        128          0          0          0        672   btod.o
        18          0          0          0          0         80   exit.o
         6          0          0          0          0        152   heapauxi.o
         0          0          0          0          0          0   indicate_semi.o
        44         10        272          0          0         76   lc_ctype_c.o
        44         10         28          0          0         76   lc_numeric_c.o
         2          0          0          0          0          0   libinit.o
        34          0          0          0          0          0   libinit2.o
         2          0          0          0          0          0   libshutdown.o
         2          0          0          0          0          0   libshutdown2.o
         8          4          0          0         96         68   libspace.o
       138          0          0          0          0         80   lludiv10.o
       238          0          0          0          0        100   lludivv7m.o
        16          4          0          0          0         76   rt_ctype_table.o
         8          4          0          0          0         68   rt_locale_intlibspace.o
        78          0          0          0          0         80   rt_memclr_w.o
         2          0          0          0          0          0   rtexit.o
        10          0          0          0          0          0   rtexit2.o
       128          0          0          0          0         68   strcmpv7m.o
        62          0          0          0          0         76   strlen.o
        12          4          0          0          0         68   sys_exit.o
        74          0          0          0          0         80   sys_stackheap_outer.o
         2          0          0          0          0         68   use_no_semi.o
        36          4          0          0          0         76   vsprintf.o
        98          4          0          0          0        140   d2f.o
        38          0          0          0          0        116   dflt_clz.o
       340         12          0          0          0        152   dmul.o
       156          4          0          0          0        140   dnaninf.o
        12          0          0          0          0        116   dretinf.o
        86          4          0          0          0        132   f2d.o
       140          4          0          0          0        132   fnaninf.o
        10          0          0          0          0        116   fpinit.o
        10          0          0          0          0        116   fretinf.o
         4          0          0          0          0        116   printf1.o
         4          0          0          0          0        116   printf2.o
         0          0          0          0          0          0   usenofp.o
        48          0          0          0          0        124   fpclassify.o

    ----------------------------------------------------------------------
      8034        294        552          0         96       5664   Library Totals
        16          0          1          0          0          0   (incl. Padding)

    ----------------------------------------------------------------------

      Code (inc. data)   RO Data    RW Data    ZI Data      Debug   Library Name

      7072        266        551          0         96       4148   c_w.l
       898         28          0          0          0       1392   fz_wm.l
        48          0          0          0          0        124   m_wm.l

    ----------------------------------------------------------------------
      8034        294        552          0         96       5664   Library Totals

    ----------------------------------------------------------------------

==============================================================================


      Code (inc. data)   RO Data    RW Data    ZI Data      Debug   

     14466        748       1002         40       2056     732905   Grand Totals
     14466        748       1002         40       2056     732905   ELF Image Totals
     14466        748       1002         40          0          0   ROM Totals

==============================================================================

    Total RO  Size (Code + RO Data)                15468 (  15.11kB)
    Total RW  Size (RW Data + ZI Data)              2096 (   2.05kB)
    Total ROM Size (Code + RO Data + RW Data)      15508 (  15.14kB)

==============================================================================

